Component: ARM Compiler 5.06 update 6 (build 750) Tool: armlink [4d35ed]

==============================================================================

Section Cross References

    startup_stm32f427xx.o(RESET) refers to startup_stm32f427xx.o(STACK) for __initial_sp
    startup_stm32f427xx.o(RESET) refers to startup_stm32f427xx.o(.text) for Reset_Handler
    startup_stm32f427xx.o(RESET) refers to stm32f4xx_it.o(i.NMI_Handler) for NMI_Handler
    startup_stm32f427xx.o(RESET) refers to stm32f4xx_it.o(i.HardFault_Handler) for HardFault_Handler
    startup_stm32f427xx.o(RESET) refers to stm32f4xx_it.o(i.MemManage_Handler) for MemManage_Handler
    startup_stm32f427xx.o(RESET) refers to stm32f4xx_it.o(i.BusFault_Handler) for BusFault_Handler
    startup_stm32f427xx.o(RESET) refers to stm32f4xx_it.o(i.UsageFault_Handler) for UsageFault_Handler
    startup_stm32f427xx.o(RESET) refers to port.o(.emb_text) for SVC_Handler
    startup_stm32f427xx.o(RESET) refers to stm32f4xx_it.o(i.DebugMon_Handler) for DebugMon_Handler
    startup_stm32f427xx.o(RESET) refers to port.o(i.SysTick_Handler) for SysTick_Handler
    startup_stm32f427xx.o(RESET) refers to stm32f4xx_it.o(i.TIM2_IRQHandler) for TIM2_IRQHandler
    startup_stm32f427xx.o(RESET) refers to stm32f4xx_it.o(i.OTG_FS_IRQHandler) for OTG_FS_IRQHandler
    startup_stm32f427xx.o(.text) refers to system_stm32f4xx.o(i.SystemInit) for SystemInit
    startup_stm32f427xx.o(.text) refers to entry.o(.ARM.Collect$$$$00000000) for __main
    main.o(i.HAL_TIM_PeriodElapsedCallback) refers to stm32f4xx_hal.o(i.HAL_IncTick) for HAL_IncTick
    main.o(i.MSC_Application) refers to ff_gen_drv.o(i.FATFS_LinkDriver) for FATFS_LinkDriver
    main.o(i.MSC_Application) refers to ff.o(i.f_mount) for f_mount
    main.o(i.MSC_Application) refers to main.o(i.Error_Handler) for Error_Handler
    main.o(i.MSC_Application) refers to ff.o(i.f_open) for f_open
    main.o(i.MSC_Application) refers to ff.o(i.f_write) for f_write
    main.o(i.MSC_Application) refers to ff.o(i.f_close) for f_close
    main.o(i.MSC_Application) refers to printf5.o(i.__0printf$5) for __2printf
    main.o(i.MSC_Application) refers to ff_gen_drv.o(i.FATFS_UnLinkDriver) for FATFS_UnLinkDriver
    main.o(i.MSC_Application) refers to fatfs.o(.data) for USBHPath
    main.o(i.MSC_Application) refers to usbh_diskio.o(.constdata) for USBH_Driver
    main.o(i.MSC_Application) refers to main.o(.bss) for .bss
    main.o(i.SystemClock_Config) refers to memseta.o(.text) for __aeabi_memclr4
    main.o(i.SystemClock_Config) refers to stm32f4xx_hal_rcc.o(i.HAL_RCC_OscConfig) for HAL_RCC_OscConfig
    main.o(i.SystemClock_Config) refers to main.o(i.Error_Handler) for Error_Handler
    main.o(i.SystemClock_Config) refers to stm32f4xx_hal_rcc.o(i.HAL_RCC_ClockConfig) for HAL_RCC_ClockConfig
    main.o(i.main) refers to stm32f4xx_hal.o(i.HAL_Init) for HAL_Init
    main.o(i.main) refers to main.o(i.SystemClock_Config) for SystemClock_Config
    main.o(i.main) refers to gpio.o(i.MX_GPIO_Init) for MX_GPIO_Init
    main.o(i.main) refers to usart.o(i.MX_UART8_Init) for MX_UART8_Init
    main.o(i.main) refers to printf5.o(i.__0printf$5) for __2printf
    main.o(i.main) refers to freertos.o(i.MX_FREERTOS_Init) for MX_FREERTOS_Init
    main.o(i.main) refers to cmsis_os.o(i.osKernelStart) for osKernelStart
    gpio.o(i.MX_GPIO_Init) refers to memseta.o(.text) for __aeabi_memclr4
    gpio.o(i.MX_GPIO_Init) refers to stm32f4xx_hal_gpio.o(i.HAL_GPIO_WritePin) for HAL_GPIO_WritePin
    gpio.o(i.MX_GPIO_Init) refers to stm32f4xx_hal_gpio.o(i.HAL_GPIO_Init) for HAL_GPIO_Init
    usbh_diskio.o(i.USBH_ioctl) refers to usbh_msc.o(i.USBH_MSC_GetLUNInfo) for USBH_MSC_GetLUNInfo
    usbh_diskio.o(i.USBH_ioctl) refers to usb_host.o(.bss) for hUsbHostFS
    usbh_diskio.o(i.USBH_read) refers to usbh_msc.o(i.USBH_MSC_Read) for USBH_MSC_Read
    usbh_diskio.o(i.USBH_read) refers to usbh_msc.o(i.USBH_MSC_GetLUNInfo) for USBH_MSC_GetLUNInfo
    usbh_diskio.o(i.USBH_read) refers to printf5.o(i.__0printf$5) for __2printf
    usbh_diskio.o(i.USBH_read) refers to usb_host.o(.bss) for hUsbHostFS
    usbh_diskio.o(i.USBH_status) refers to usbh_msc.o(i.USBH_MSC_UnitIsReady) for USBH_MSC_UnitIsReady
    usbh_diskio.o(i.USBH_status) refers to usb_host.o(.bss) for hUsbHostFS
    usbh_diskio.o(i.USBH_write) refers to usbh_msc.o(i.USBH_MSC_Write) for USBH_MSC_Write
    usbh_diskio.o(i.USBH_write) refers to usbh_msc.o(i.USBH_MSC_GetLUNInfo) for USBH_MSC_GetLUNInfo
    usbh_diskio.o(i.USBH_write) refers to printf5.o(i.__0printf$5) for __2printf
    usbh_diskio.o(i.USBH_write) refers to usb_host.o(.bss) for hUsbHostFS
    usbh_diskio.o(.constdata) refers to usbh_diskio.o(i.USBH_initialize) for USBH_initialize
    usbh_diskio.o(.constdata) refers to usbh_diskio.o(i.USBH_status) for USBH_status
    usbh_diskio.o(.constdata) refers to usbh_diskio.o(i.USBH_read) for USBH_read
    usbh_diskio.o(.constdata) refers to usbh_diskio.o(i.USBH_write) for USBH_write
[...]
    _printf_longlong_hex                     0x00000000   Number         0  stubs.o ABSOLUTE
    _printf_longlong_oct                     0x00000000   Number         0  stubs.o ABSOLUTE
    _printf_ls                               0x00000000   Number         0  stubs.o ABSOLUTE
    _printf_mbtowc                           0x00000000   Number         0  stubs.o ABSOLUTE
    _printf_n                                0x00000000   Number         0  stubs.o ABSOLUTE
    _printf_o                                0x00000000   Number         0  stubs.o ABSOLUTE
    _printf_p                                0x00000000   Number         0  stubs.o ABSOLUTE
    _printf_percent                          0x00000000   Number         0  stubs.o ABSOLUTE
    _printf_pre_padding                      0x00000000   Number         0  stubs.o ABSOLUTE
    _printf_return_value                     0x00000000   Number         0  stubs.o ABSOLUTE
    _printf_s                                0x00000000   Number         0  stubs.o ABSOLUTE
    _printf_sizespec                         0x00000000   Number         0  stubs.o ABSOLUTE
    _printf_str                              0x00000000   Number         0  stubs.o ABSOLUTE
    _printf_truncate_signed                  0x00000000   Number         0  stubs.o ABSOLUTE
    _printf_truncate_unsigned                0x00000000   Number         0  stubs.o ABSOLUTE
    _printf_u                                0x00000000   Number         0  stubs.o ABSOLUTE
    _printf_wc                               0x00000000   Number         0  stubs.o ABSOLUTE
    _printf_wctomb                           0x00000000   Number         0  stubs.o ABSOLUTE
    _printf_widthprec                        0x00000000   Number         0  stubs.o ABSOLUTE
    _printf_x                                0x00000000   Number         0  stubs.o ABSOLUTE
    __cpp_initialize__aeabi_                  - Undefined Weak Reference
    __cxa_finalize                            - Undefined Weak Reference
    __decompress                              - Undefined Weak Reference
    _clock_init                               - Undefined Weak Reference
    _microlib_exit                            - Undefined Weak Reference
    __Vectors_Size                           0x000001ac   Number         0  startup_stm32f427xx.o ABSOLUTE
    __Vectors                                0x08000000   Data           4  startup_stm32f427xx.o(RESET)
    __Vectors_End                            0x080001ac   Data           0  startup_stm32f427xx.o(RESET)
    __main                                   0x080001ad   Thumb Code     0  entry.o(.ARM.Collect$$$$00000000)
    _main_stk                                0x080001ad   Thumb Code     0  entry2.o(.ARM.Collect$$$$00000001)
    _main_scatterload                        0x080001b1   Thumb Code     0  entry5.o(.ARM.Collect$$$$00000004)
    __main_after_scatterload                 0x080001b5   Thumb Code     0  entry5.o(.ARM.Collect$$$$00000004)
    _main_clock                              0x080001b5   Thumb Code     0  entry7b.o(.ARM.Collect$$$$00000008)
    _main_cpp_init                           0x080001b5   Thumb Code     0  entry8b.o(.ARM.Collect$$$$0000000A)
    _main_init                               0x080001b5   Thumb Code     0  entry9a.o(.ARM.Collect$$$$0000000B)
    __rt_final_cpp                           0x080001bd   Thumb Code     0  entry10a.o(.ARM.Collect$$$$0000000D)
    __rt_final_exit                          0x080001bd   Thumb Code     0  entry11a.o(.ARM.Collect$$$$0000000F)
    SVC_Handler                              0x080001c1   Thumb Code    28  port.o(.emb_text)
    __asm___6_port_c_39a90d8d__prvStartFirstTask 0x080001e1   Thumb Code    36  port.o(.emb_text)
    __asm___6_port_c_39a90d8d__prvEnableVFP  0x08000209   Thumb Code    16  port.o(.emb_text)
    PendSV_Handler                           0x0800021d   Thumb Code    88  port.o(.emb_text)
    vPortGetIPSR                             0x08000279   Thumb Code     6  port.o(.emb_text)
    Reset_Handler                            0x08000281   Thumb Code     8  startup_stm32f427xx.o(.text)
    ADC_IRQHandler                           0x0800029b   Thumb Code     0  startup_stm32f427xx.o(.text)
    CAN1_RX0_IRQHandler                      0x0800029b   Thumb Code     0  startup_stm32f427xx.o(.text)
    CAN1_RX1_IRQHandler                      0x0800029b   Thumb Code     0  startup_stm32f427xx.o(.text)
    CAN1_SCE_IRQHandler                      0x0800029b   Thumb Code     0  startup_stm32f427xx.o(.text)
    CAN1_TX_IRQHandler                       0x0800029b   Thumb Code     0  startup_stm32f427xx.o(.text)
    CAN2_RX0_IRQHandler                      0x0800029b   Thumb Code     0  startup_stm32f427xx.o(.text)
    CAN2_RX1_IRQHandler                      0x0800029b   Thumb Code     0  startup_stm32f427xx.o(.text)
    CAN2_SCE_IRQHandler                      0x0800029b   Thumb Code     0  startup_stm32f427xx.o(.text)
    CAN2_TX_IRQHandler                       0x0800029b   Thumb Code     0  startup_stm32f427xx.o(.text)
    DCMI_IRQHandler                          0x0800029b   Thumb Code     0  startup_stm32f427xx.o(.text)
    DMA1_Stream0_IRQHandler                  0x0800029b   Thumb Code     0  startup_stm32f427xx.o(.text)
    DMA1_Stream1_IRQHandler                  0x0800029b   Thumb Code     0  startup_stm32f427xx.o(.text)
    DMA1_Stream2_IRQHandler                  0x0800029b   Thumb Code     0  startup_stm32f427xx.o(.text)
    DMA1_Stream3_IRQHandler                  0x0800029b   Thumb Code     0  startup_stm32f427xx.o(.text)
    DMA1_Stream4_IRQHandler                  0x0800029b   Thumb Code     0  startup_stm32f427xx.o(.text)
    DMA1_Stream5_IRQHandler                  0x0800029b   Thumb Code     0  startup_stm32f427xx.o(.text)
    DMA1_Stream6_IRQHandler                  0x0800029b   Thumb Code     0  startup_stm32f427xx.o(.text)
    DMA1_Stream7_IRQHandler                  0x0800029b   Thumb Code     0  startup_stm32f427xx.o(.text)
    DMA2D_IRQHandler                         0x0800029b   Thumb Code     0  startup_stm32f427xx.o(.text)
    DMA2_Stream0_IRQHandler                  0x0800029b   Thumb Code     0  startup_stm32f427xx.o(.text)
    DMA2_Stream1_IRQHandler                  0x0800029b   Thumb Code     0  startup_stm32f427xx.o(.text)
    DMA2_Stream2_IRQHandler                  0x0800029b   Thumb Code     0  startup_stm32f427xx.o(.text)
    DMA2_Stream3_IRQHandler                  0x0800029b   Thumb Code     0  startup_stm32f427xx.o(.text)
    DMA2_Stream4_IRQHandler                  0x0800029b   Thumb Code     0  startup_stm32f427xx.o(.text)
    DMA2_Stream5_IRQHandler                  0x0800029b   Thumb Code     0  startup_stm32f427xx.o(.text)
    DMA2_Stream6_IRQHandler                  0x0800029b   Thumb Code     0  startup_stm32f427xx.o(.text)
    DMA2_Stream7_IRQHandler                  0x0800029b   Thumb Code     0  startup_stm32f427xx.o(.text)
    ETH_IRQHandler                           0x0800029b   Thumb Code     0  startup_stm32f427xx.o(.text)
    ETH_WKUP_IRQHandler                      0x0800029b   Thumb Code     0  startup_stm32f427xx.o(.text)
    EXTI0_IRQHandler                         0x0800029b   Thumb Code     0  startup_stm32f427xx.o(.text)
    EXTI15_10_IRQHandler                     0x0800029b   Thumb Code     0  startup_stm32f427xx.o(.text)
    EXTI1_IRQHandler                         0x0800029b   Thumb Code     0  startup_stm32f427xx.o(.text)
    EXTI2_IRQHandler                         0x0800029b   Thumb Code     0  startup_stm32f427xx.o(.text)
    EXTI3_IRQHandler                         0x0800029b   Thumb Code     0  startup_stm32f427xx.o(.text)
    EXTI4_IRQHandler                         0x0800029b   Thumb Code     0  startup_stm32f427xx.o(.text)
    EXTI9_5_IRQHandler                       0x0800029b   Thumb Code     0  startup_stm32f427xx.o(.text)
    FLASH_IRQHandler                         0x0800029b   Thumb Code     0  startup_stm32f427xx.o(.text)
    FMC_IRQHandler                           0x0800029b   Thumb Code     0  startup_stm32f427xx.o(.text)
    FPU_IRQHandler                           0x0800029b   Thumb Code     0  startup_stm32f427xx.o(.text)
    HASH_RNG_IRQHandler                      0x0800029b   Thumb Code     0  startup_stm32f427xx.o(.text)
    I2C1_ER_IRQHandler                       0x0800029b   Thumb Code     0  startup_stm32f427xx.o(.text)
    I2C1_EV_IRQHandler                       0x0800029b   Thumb Code     0  startup_stm32f427xx.o(.text)
    I2C2_ER_IRQHandler                       0x0800029b   Thumb Code     0  startup_stm32f427xx.o(.text)
    I2C2_EV_IRQHandler                       0x0800029b   Thumb Code     0  startup_stm32f427xx.o(.text)
    I2C3_ER_IRQHandler                       0x0800029b   Thumb Code     0  startup_stm32f427xx.o(.text)
    I2C3_EV_IRQHandler                       0x0800029b   Thumb Code     0  startup_stm32f427xx.o(.text)
    OTG_FS_WKUP_IRQHandler                   0x0800029b   Thumb Code     0  startup_stm32f427xx.o(.text)
    OTG_HS_EP1_IN_IRQHandler                 0x0800029b   Thumb Code     0  startup_stm32f427xx.o(.text)
    OTG_HS_EP1_OUT_IRQHandler                0x0800029b   Thumb Code     0  startup_stm32f427xx.o(.text)
    OTG_HS_IRQHandler                        0x0800029b   Thumb Code     0  startup_stm32f427xx.o(.text)
    OTG_HS_WKUP_IRQHandler                   0x0800029b   Thumb Code     0  startup_stm32f427xx.o(.text)
    PVD_IRQHandler                           0x0800029b   Thumb Code     0  startup_stm32f427xx.o(.text)
    RCC_IRQHandler                           0x0800029b   Thumb Code     0  startup_stm32f427xx.o(.text)
    RTC_Alarm_IRQHandler                     0x0800029b   Thumb Code     0  startup_stm32f427xx.o(.text)
    RTC_WKUP_IRQHandler                      0x0800029b   Thumb Code     0  startup_stm32f427xx.o(.text)
    SAI1_IRQHandler                          0x0800029b   Thumb Code     0  startup_stm32f427xx.o(.text)
    SDIO_IRQHandler                          0x0800029b   Thumb Code     0  startup_stm32f427xx.o(.text)
    SPI1_IRQHandler                          0x0800029b   Thumb Code     0  startup_stm32f427xx.o(.text)
    SPI2_IRQHandler                          0x0800029b   Thumb Code     0  startup_stm32f427xx.o(.text)
    SPI3_IRQHandler                          0x0800029b   Thumb Code     0  startup_stm32f427xx.o(.text)
    SPI4_IRQHandler                          0x0800029b   Thumb Code     0  startup_stm32f427xx.o(.text)
    SPI5_IRQHandler                          0x0800029b   Thumb Code     0  startup_stm32f427xx.o(.text)
    SPI6_IRQHandler                          0x0800029b   Thumb Code     0  startup_stm32f427xx.o(.text)
    TAMP_STAMP_IRQHandler                    0x0800029b   Thumb Code     0  startup_stm32f427xx.o(.text)
    TIM1_BRK_TIM9_IRQHandler                 0x0800029b   Thumb Code     0  startup_stm32f427xx.o(.text)
    TIM1_CC_IRQHandler                       0x0800029b   Thumb Code     0  startup_stm32f427xx.o(.text)
    TIM1_TRG_COM_TIM11_IRQHandler            0x0800029b   Thumb Code     0  startup_stm32f427xx.o(.text)
    TIM1_UP_TIM10_IRQHandler                 0x0800029b   Thumb Code     0  startup_stm32f427xx.o(.text)
    TIM3_IRQHandler                          0x0800029b   Thumb Code     0  startup_stm32f427xx.o(.text)
    TIM4_IRQHandler                          0x0800029b   Thumb Code     0  startup_stm32f427xx.o(.text)
    TIM5_IRQHandler                          0x0800029b   Thumb Code     0  startup_stm32f427xx.o(.text)
    TIM6_DAC_IRQHandler                      0x0800029b   Thumb Code     0  startup_stm32f427xx.o(.text)
    TIM7_IRQHandler                          0x0800029b   Thumb Code     0  startup_stm32f427xx.o(.text)
    TIM8_BRK_TIM12_IRQHandler                0x0800029b   Thumb Code     0  startup_stm32f427xx.o(.text)
    TIM8_CC_IRQHandler                       0x0800029b   Thumb Code     0  startup_stm32f427xx.o(.text)
    TIM8_TRG_COM_TIM14_IRQHandler            0x0800029b   Thumb Code     0  startup_stm32f427xx.o(.text)
    TIM8_UP_TIM13_IRQHandler                 0x0800029b   Thumb Code     0  startup_stm32f427xx.o(.text)
    UART4_IRQHandler                         0x0800029b   Thumb Code     0  startup_stm32f427xx.o(.text)
    UART5_IRQHandler                         0x0800029b   Thumb Code     0  startup_stm32f427xx.o(.text)
    UART7_IRQHandler                         0x0800029b   Thumb Code     0  startup_stm32f427xx.o(.text)
    UART8_IRQHandler                         0x0800029b   Thumb Code     0  startup_stm32f427xx.o(.text)
    USART1_IRQHandler                        0x0800029b   Thumb Code     0  startup_stm32f427xx.o(.text)
    USART2_IRQHandler                        0x0800029b   Thumb Code     0  startup_stm32f427xx.o(.text)
    USART3_IRQHandler                        0x0800029b   Thumb Code     0  startup_stm32f427xx.o(.text)
    USART6_IRQHandler                        0x0800029b   Thumb Code     0  startup_stm32f427xx.o(.text)
    WWDG_IRQHandler                          0x0800029b   Thumb Code     0  startup_stm32f427xx.o(.text)
    __aeabi_uldivmod                         0x080002a5   Thumb Code    98  uldiv.o(.text)
    __aeabi_memcpy                           0x08000307   Thumb Code    36  memcpya.o(.text)
    __aeabi_memcpy4                          0x08000307   Thumb Code     0  memcpya.o(.text)
    __aeabi_memcpy8                          0x08000307   Thumb Code     0  memcpya.o(.text)
    __aeabi_memset                           0x0800032b   Thumb Code    14  memseta.o(.text)
    __aeabi_memset4                          0x0800032b   Thumb Code     0  memseta.o(.text)
    __aeabi_memset8                          0x0800032b   Thumb Code     0  memseta.o(.text)
    __aeabi_memclr                           0x08000339   Thumb Code     4  memseta.o(.text)
    __aeabi_memclr4                          0x08000339   Thumb Code     0  memseta.o(.text)
    __aeabi_memclr8                          0x08000339   Thumb Code     0  memseta.o(.text)
    memset                                   0x0800033d   Thumb Code    18  memseta.o(.text)
    __aeabi_llsl                             0x0800034f   Thumb Code    30  llshl.o(.text)
    _ll_shift_l                              0x0800034f   Thumb Code     0  llshl.o(.text)
    __aeabi_llsr                             0x0800036d   Thumb Code    32  llushr.o(.text)
    _ll_ushift_r                             0x0800036d   Thumb Code     0  llushr.o(.text)
    __scatterload                            0x0800038d   Thumb Code    28  init.o(.text)
    __scatterload_rt2                        0x0800038d   Thumb Code     0  init.o(.text)
    BusFault_Handler                         0x080003b1   Thumb Code     2  stm32f4xx_it.o(i.BusFault_Handler)
    DebugMon_Handler                         0x080003f9   Thumb Code     2  stm32f4xx_it.o(i.DebugMon_Handler)
    Error_Handler                            0x080003fb   Thumb Code     2  main.o(i.Error_Handler)
    FATFS_LinkDriver                         0x080003fd   Thumb Code     6  ff_gen_drv.o(i.FATFS_LinkDriver)
    FATFS_LinkDriverEx                       0x08000405   Thumb Code    58  ff_gen_drv.o(i.FATFS_LinkDriverEx)
    FATFS_UnLinkDriver                       0x08000445   Thumb Code     6  ff_gen_drv.o(i.FATFS_UnLinkDriver)
    FATFS_UnLinkDriverEx                     0x0800044d   Thumb Code    48  ff_gen_drv.o(i.FATFS_UnLinkDriverEx)
    HAL_Delay                                0x08000481   Thumb Code    32  stm32f4xx_hal.o(i.HAL_Delay)
    HAL_GPIO_Init                            0x080004a5   Thumb Code   410  stm32f4xx_hal_gpio.o(i.HAL_GPIO_Init)
    HAL_GPIO_WritePin                        0x08000675   Thumb Code    14  stm32f4xx_hal_gpio.o(i.HAL_GPIO_WritePin)
    HAL_GetTick                              0x08000685   Thumb Code     6  stm32f4xx_hal.o(i.HAL_GetTick)
    HAL_HCD_Connect_Callback                 0x08000691   Thumb Code     8  usbh_conf.o(i.HAL_HCD_Connect_Callback)
    HAL_HCD_Disconnect_Callback              0x08000699   Thumb Code     8  usbh_conf.o(i.HAL_HCD_Disconnect_Callback)
    HAL_HCD_GetCurrentFrame                  0x080006a1   Thumb Code     6  stm32f4xx_hal_hcd.o(i.HAL_HCD_GetCurrentFrame)
    HAL_HCD_GetCurrentSpeed                  0x080006a7   Thumb Code     6  stm32f4xx_hal_hcd.o(i.HAL_HCD_GetCurrentSpeed)
    HAL_HCD_HC_GetURBState                   0x080006ad   Thumb Code    14  stm32f4xx_hal_hcd.o(i.HAL_HCD_HC_GetURBState)
    HAL_HCD_HC_GetXferCount                  0x080006bb   Thumb Code    12  stm32f4xx_hal_hcd.o(i.HAL_HCD_HC_GetXferCount)
    HAL_HCD_HC_Halt                          0x080006c7   Thumb Code    36  stm32f4xx_hal_hcd.o(i.HAL_HCD_HC_Halt)
    HAL_HCD_HC_Init                          0x080006eb   Thumb Code   104  stm32f4xx_hal_hcd.o(i.HAL_HCD_HC_Init)
    HAL_HCD_HC_NotifyURBChange_Callback      0x08000753   Thumb Code     8  usbh_conf.o(i.HAL_HCD_HC_NotifyURBChange_Callback)
    HAL_HCD_HC_SubmitRequest                 0x0800075b   Thumb Code   216  stm32f4xx_hal_hcd.o(i.HAL_HCD_HC_SubmitRequest)
    HAL_HCD_IRQHandler                       0x08000833   Thumb Code   310  stm32f4xx_hal_hcd.o(i.HAL_HCD_IRQHandler)
    HAL_HCD_Init                             0x08000969   Thumb Code   116  stm32f4xx_hal_hcd.o(i.HAL_HCD_Init)
    HAL_HCD_MspInit                          0x080009dd   Thumb Code   122  usbh_conf.o(i.HAL_HCD_MspInit)
    HAL_HCD_PortDisabled_Callback            0x08000a61   Thumb Code     8  usbh_conf.o(i.HAL_HCD_PortDisabled_Callback)
    HAL_HCD_PortEnabled_Callback             0x08000a69   Thumb Code     8  usbh_conf.o(i.HAL_HCD_PortEnabled_Callback)
    HAL_HCD_ResetPort                        0x08000a71   Thumb Code     6  stm32f4xx_hal_hcd.o(i.HAL_HCD_ResetPort)
    HAL_HCD_SOF_Callback                     0x08000a77   Thumb Code     8  usbh_conf.o(i.HAL_HCD_SOF_Callback)
    HAL_HCD_Start                            0x08000a7f   Thumb Code    44  stm32f4xx_hal_hcd.o(i.HAL_HCD_Start)
    HAL_HCD_Stop                             0x08000aab   Thumb Code    36  stm32f4xx_hal_hcd.o(i.HAL_HCD_Stop)
    HAL_IncTick                              0x08000ad1   Thumb Code    12  stm32f4xx_hal.o(i.HAL_IncTick)
    HAL_Init                                 0x08000ae1   Thumb Code    48  stm32f4xx_hal.o(i.HAL_Init)
    HAL_InitTick                             0x08000b15   Thumb Code   102  stm32f4xx_hal_timebase_tim.o(i.HAL_InitTick)
    HAL_MspInit                              0x08000b89   Thumb Code    52  stm32f4xx_hal_msp.o(i.HAL_MspInit)
    HAL_NVIC_EnableIRQ                       0x08000bc1   Thumb Code    26  stm32f4xx_hal_cortex.o(i.HAL_NVIC_EnableIRQ)
    HAL_NVIC_SetPriority                     0x08000bdd   Thumb Code    60  stm32f4xx_hal_cortex.o(i.HAL_NVIC_SetPriority)
    HAL_NVIC_SetPriorityGrouping             0x08000c1d   Thumb Code    26  stm32f4xx_hal_cortex.o(i.HAL_NVIC_SetPriorityGrouping)
    HAL_RCC_ClockConfig                      0x08000c41   Thumb Code   310  stm32f4xx_hal_rcc.o(i.HAL_RCC_ClockConfig)
    HAL_RCC_GetClockConfig                   0x08000d8d   Thumb Code    52  stm32f4xx_hal_rcc.o(i.HAL_RCC_GetClockConfig)
    HAL_RCC_GetHCLKFreq                      0x08000dc9   Thumb Code     6  stm32f4xx_hal_rcc.o(i.HAL_RCC_GetHCLKFreq)
    HAL_RCC_GetPCLK1Freq                     0x08000dd5   Thumb Code    22  stm32f4xx_hal_rcc.o(i.HAL_RCC_GetPCLK1Freq)
    HAL_RCC_GetPCLK2Freq                     0x08000df5   Thumb Code    22  stm32f4xx_hal_rcc.o(i.HAL_RCC_GetPCLK2Freq)
    HAL_RCC_GetSysClockFreq                  0x08000e15   Thumb Code    94  stm32f4xx_hal_rcc.o(i.HAL_RCC_GetSysClockFreq)
    HAL_RCC_OscConfig                        0x08000e81   Thumb Code   956  stm32f4xx_hal_rcc.o(i.HAL_RCC_OscConfig)
    HAL_TIMEx_BreakCallback                  0x08001251   Thumb Code     2  stm32f4xx_hal_tim_ex.o(i.HAL_TIMEx_BreakCallback)
    HAL_TIMEx_CommutCallback                 0x08001253   Thumb Code     2  stm32f4xx_hal_tim_ex.o(i.HAL_TIMEx_CommutCallback)
    HAL_TIM_Base_Init                        0x08001255   Thumb Code    56  stm32f4xx_hal_tim.o(i.HAL_TIM_Base_Init)
    HAL_TIM_Base_MspInit                     0x0800128d   Thumb Code     2  stm32f4xx_hal_tim.o(i.HAL_TIM_Base_MspInit)
    HAL_TIM_Base_Start_IT                    0x0800128f   Thumb Code    34  stm32f4xx_hal_tim.o(i.HAL_TIM_Base_Start_IT)
    HAL_TIM_IC_CaptureCallback               0x080012b1   Thumb Code     2  stm32f4xx_hal_tim.o(i.HAL_TIM_IC_CaptureCallback)
    HAL_TIM_IRQHandler                       0x080012b3   Thumb Code   366  stm32f4xx_hal_tim.o(i.HAL_TIM_IRQHandler)
    HAL_TIM_OC_DelayElapsedCallback          0x08001421   Thumb Code     2  stm32f4xx_hal_tim.o(i.HAL_TIM_OC_DelayElapsedCallback)
    HAL_TIM_PWM_PulseFinishedCallback        0x08001423   Thumb Code     2  stm32f4xx_hal_tim.o(i.HAL_TIM_PWM_PulseFinishedCallback)
    HAL_TIM_PeriodElapsedCallback            0x08001425   Thumb Code    14  main.o(i.HAL_TIM_PeriodElapsedCallback)
    HAL_TIM_TriggerCallback                  0x08001433   Thumb Code     2  stm32f4xx_hal_tim.o(i.HAL_TIM_TriggerCallback)
    HAL_UART_Init                            0x08001435   Thumb Code   100  stm32f4xx_hal_uart.o(i.HAL_UART_Init)
    HAL_UART_MspInit                         0x08001499   Thumb Code    90  usart.o(i.HAL_UART_MspInit)
    HardFault_Handler                        0x08001acd   Thumb Code     2  stm32f4xx_it.o(i.HardFault_Handler)
    MSC_Application                          0x08001ad1   Thumb Code   110  main.o(i.MSC_Application)
    MX_FATFS_Init                            0x08001b81   Thumb Code    18  fatfs.o(i.MX_FATFS_Init)
    MX_FREERTOS_Init                         0x08001b9d   Thumb Code    30  freertos.o(i.MX_FREERTOS_Init)
    MX_GPIO_Init                             0x08001bc5   Thumb Code   130  gpio.o(i.MX_GPIO_Init)
    MX_UART8_Init                            0x08001c51   Thumb Code    48  usart.o(i.MX_UART8_Init)
    MX_USB_HOST_Init                         0x08001c89   Thumb Code    52  usb_host.o(i.MX_USB_HOST_Init)
    MemManage_Handler                        0x08001cc9   Thumb Code     2  stm32f4xx_it.o(i.MemManage_Handler)
    NMI_Handler                              0x08001ccb   Thumb Code     2  stm32f4xx_it.o(i.NMI_Handler)
    OTG_FS_IRQHandler                        0x08001ccd   Thumb Code     6  stm32f4xx_it.o(i.OTG_FS_IRQHandler)
    StartDefaultTask                         0x08001cd9   Thumb Code    20  freertos.o(i.StartDefaultTask)
    SysTick_Handler                          0x08001ced   Thumb Code    38  port.o(i.SysTick_Handler)
    SystemClock_Config                       0x08001d19   Thumb Code   142  main.o(i.SystemClock_Config)
    SystemInit                               0x08001db1   Thumb Code    22  system_stm32f4xx.o(i.SystemInit)
    TIM2_IRQHandler                          0x08001dcd   Thumb Code     6  stm32f4xx_it.o(i.TIM2_IRQHandler)
    TIM_Base_SetConfig                       0x08001dd9   Thumb Code   160  stm32f4xx_hal_tim.o(i.TIM_Base_SetConfig)
    USBH_AllocPipe                           0x08002085   Thumb Code    36  usbh_pipes.o(i.USBH_AllocPipe)
    USBH_BulkReceiveData                     0x080020a9   Thumb Code    32  usbh_ioreq.o(i.USBH_BulkReceiveData)
    USBH_BulkSendData                        0x080020c9   Thumb Code    44  usbh_ioreq.o(i.USBH_BulkSendData)
    USBH_ClosePipe                           0x080020f5   Thumb Code    10  usbh_pipes.o(i.USBH_ClosePipe)
    USBH_ClrFeature                          0x080020ff   Thumb Code    30  usbh_ctlreq.o(i.USBH_ClrFeature)
    USBH_CtlReceiveData                      0x0800211d   Thumb Code    32  usbh_ioreq.o(i.USBH_CtlReceiveData)
    USBH_CtlReq                              0x0800213d   Thumb Code    88  usbh_ctlreq.o(i.USBH_CtlReq)
    USBH_CtlSendData                         0x08002195   Thumb Code    44  usbh_ioreq.o(i.USBH_CtlSendData)
    USBH_CtlSendSetup                        0x080021c1   Thumb Code    30  usbh_ioreq.o(i.USBH_CtlSendSetup)
    USBH_Delay                               0x080021df   Thumb Code     4  usbh_conf.o(i.USBH_Delay)
    USBH_FindInterface                       0x080021e3   Thumb Code    68  usbh_core.o(i.USBH_FindInterface)
    USBH_FreePipe                            0x08002227   Thumb Code    24  usbh_pipes.o(i.USBH_FreePipe)
    USBH_GetDescriptor                       0x0800223f   Thumb Code    56  usbh_ctlreq.o(i.USBH_GetDescriptor)
    USBH_GetNextDesc                         0x08002295   Thumb Code    14  usbh_ctlreq.o(i.USBH_GetNextDesc)
    USBH_Get_CfgDesc                         0x080022a3   Thumb Code    46  usbh_ctlreq.o(i.USBH_Get_CfgDesc)
    USBH_Get_DevDesc                         0x080022d1   Thumb Code    46  usbh_ctlreq.o(i.USBH_Get_DevDesc)
    USBH_Get_StringDesc                      0x080022ff   Thumb Code    42  usbh_ctlreq.o(i.USBH_Get_StringDesc)
    USBH_Get_USB_Status                      0x08002329   Thumb Code    36  usbh_conf.o(i.USBH_Get_USB_Status)
    USBH_Init                                0x0800290d   Thumb Code   122  usbh_core.o(i.USBH_Init)
    USBH_IsPortEnabled                       0x080029ad   Thumb Code     6  usbh_core.o(i.USBH_IsPortEnabled)
    USBH_LL_ClosePipe                        0x080029b3   Thumb Code    18  usbh_conf.o(i.USBH_LL_ClosePipe)
    USBH_LL_Connect                          0x080029c5   Thumb Code    64  usbh_core.o(i.USBH_LL_Connect)
    USBH_LL_Disconnect                       0x08002a05   Thumb Code    86  usbh_core.o(i.USBH_LL_Disconnect)
    USBH_LL_DriverVBUS                       0x08002a79   Thumb Code    16  usbh_conf.o(i.USBH_LL_DriverVBUS)
    USBH_LL_GetLastXferSize                  0x08002a89   Thumb Code     8  usbh_conf.o(i.USBH_LL_GetLastXferSize)
    USBH_LL_GetSpeed                         0x08002a91   Thumb Code    34  usbh_conf.o(i.USBH_LL_GetSpeed)
    USBH_LL_GetToggle                        0x08002ab3   Thumb Code    32  usbh_conf.o(i.USBH_LL_GetToggle)
    USBH_LL_GetURBState                      0x08002ad3   Thumb Code     8  usbh_conf.o(i.USBH_LL_GetURBState)
    USBH_LL_IncTimer                         0x08002adb   Thumb Code    14  usbh_core.o(i.USBH_LL_IncTimer)
    USBH_LL_Init                             0x08002ae9   Thumb Code    74  usbh_conf.o(i.USBH_LL_Init)
    USBH_LL_NotifyURBChange                  0x08002b39   Thumb Code    22  usbh_core.o(i.USBH_LL_NotifyURBChange)
    USBH_LL_OpenPipe                         0x08002b4f   Thumb Code    30  usbh_conf.o(i.USBH_LL_OpenPipe)
    USBH_LL_PortDisabled                     0x08002b6d   Thumb Code     8  usbh_core.o(i.USBH_LL_PortDisabled)
    USBH_LL_PortEnabled                      0x08002b75   Thumb Code     8  usbh_core.o(i.USBH_LL_PortEnabled)
    USBH_LL_ResetPort                        0x08002b7d   Thumb Code    18  usbh_conf.o(i.USBH_LL_ResetPort)
    USBH_LL_SetTimer                         0x08002b8f   Thumb Code     6  usbh_core.o(i.USBH_LL_SetTimer)
    USBH_LL_SetToggle                        0x08002b95   Thumb Code    34  usbh_conf.o(i.USBH_LL_SetToggle)
    USBH_LL_Start                            0x08002bb7   Thumb Code    18  usbh_conf.o(i.USBH_LL_Start)
    USBH_LL_Stop                             0x08002bc9   Thumb Code    18  usbh_conf.o(i.USBH_LL_Stop)
    USBH_LL_SubmitURB                        0x08002bdb   Thumb Code    38  usbh_conf.o(i.USBH_LL_SubmitURB)
    USBH_MSC_BOT_Init                        0x08002c25   Thumb Code    26  usbh_msc_bot.o(i.USBH_MSC_BOT_Init)
    USBH_MSC_BOT_Process                     0x08002c49   Thumb Code   718  usbh_msc_bot.o(i.USBH_MSC_BOT_Process)
    USBH_MSC_BOT_REQ_GetMaxLUN               0x08002f17   Thumb Code    22  usbh_msc_bot.o(i.USBH_MSC_BOT_REQ_GetMaxLUN)
    USBH_MSC_BOT_REQ_Reset                   0x08002f2d   Thumb Code    24  usbh_msc_bot.o(i.USBH_MSC_BOT_REQ_Reset)
    USBH_MSC_GetLUNInfo                      0x0800303d   Thumb Code    46  usbh_msc.o(i.USBH_MSC_GetLUNInfo)
    USBH_MSC_Read                            0x080039a1   Thumb Code   140  usbh_msc.o(i.USBH_MSC_Read)
    USBH_MSC_SCSI_Inquiry                    0x08003a2d   Thumb Code   200  usbh_msc_scsi.o(i.USBH_MSC_SCSI_Inquiry)
    USBH_MSC_SCSI_Read                       0x08003af5   Thumb Code   126  usbh_msc_scsi.o(i.USBH_MSC_SCSI_Read)
    USBH_MSC_SCSI_ReadCapacity               0x08003b73   Thumb Code   134  usbh_msc_scsi.o(i.USBH_MSC_SCSI_ReadCapacity)
    USBH_MSC_SCSI_RequestSense               0x08003bf9   Thumb Code   134  usbh_msc_scsi.o(i.USBH_MSC_SCSI_RequestSense)
    USBH_MSC_SCSI_TestUnitReady              0x08003c7f   Thumb Code    74  usbh_msc_scsi.o(i.USBH_MSC_SCSI_TestUnitReady)
    USBH_MSC_SCSI_Write                      0x08003cc9   Thumb Code   126  usbh_msc_scsi.o(i.USBH_MSC_SCSI_Write)
    USBH_MSC_UnitIsReady                     0x08003d4b   Thumb Code    38  usbh_msc.o(i.USBH_MSC_UnitIsReady)
    USBH_MSC_Write                           0x08003d71   Thumb Code   140  usbh_msc.o(i.USBH_MSC_Write)
    USBH_OpenPipe                            0x08003dfd   Thumb Code    22  usbh_pipes.o(i.USBH_OpenPipe)
    USBH_Process                             0x08003f91   Thumb Code   710  usbh_core.o(i.USBH_Process)
    USBH_RegisterClass                       0x080043b1   Thumb Code    72  usbh_core.o(i.USBH_RegisterClass)
    USBH_SelectInterface                     0x08004439   Thumb Code   118  usbh_core.o(i.USBH_SelectInterface)
    USBH_SetAddress                          0x0800452d   Thumb Code    28  usbh_ctlreq.o(i.USBH_SetAddress)
    USBH_SetCfg                              0x08004549   Thumb Code    28  usbh_ctlreq.o(i.USBH_SetCfg)
    USBH_SetFeature                          0x08004565   Thumb Code    28  usbh_ctlreq.o(i.USBH_SetFeature)
    USBH_Start                               0x08004581   Thumb Code    22  usbh_core.o(i.USBH_Start)
    USBH_initialize                          0x080045c1   Thumb Code     4  usbh_diskio.o(i.USBH_initialize)
    USBH_ioctl                               0x080045c5   Thumb Code   108  usbh_diskio.o(i.USBH_ioctl)
    USBH_read                                0x08004635   Thumb Code    80  usbh_diskio.o(i.USBH_read)
    USBH_status                              0x080046ad   Thumb Code    20  usbh_diskio.o(i.USBH_status)
    USBH_write                               0x080046c5   Thumb Code   106  usbh_diskio.o(i.USBH_write)
    USB_CoreInit                             0x08004779   Thumb Code   122  stm32f4xx_ll_usb.o(i.USB_CoreInit)
    USB_DisableGlobalInt                     0x08004831   Thumb Code    12  stm32f4xx_ll_usb.o(i.USB_DisableGlobalInt)
    USB_DoPing                               0x0800483d   Thumb Code    28  stm32f4xx_ll_usb.o(i.USB_DoPing)
    USB_DriveVbus                            0x0800485d   Thumb Code    58  stm32f4xx_ll_usb.o(i.USB_DriveVbus)
    USB_EnableGlobalInt                      0x08004897   Thumb Code    12  stm32f4xx_ll_usb.o(i.USB_EnableGlobalInt)
    USB_FlushRxFifo                          0x080048a5   Thumb Code    28  stm32f4xx_ll_usb.o(i.USB_FlushRxFifo)
    USB_FlushTxFifo                          0x080048c5   Thumb Code    32  stm32f4xx_ll_usb.o(i.USB_FlushTxFifo)
    USB_GetCurrentFrame                      0x080048e9   Thumb Code     8  stm32f4xx_ll_usb.o(i.USB_GetCurrentFrame)
    USB_GetHostSpeed                         0x080048f1   Thumb Code    16  stm32f4xx_ll_usb.o(i.USB_GetHostSpeed)
    USB_GetMode                              0x08004901   Thumb Code     8  stm32f4xx_ll_usb.o(i.USB_GetMode)
    USB_HC_Halt                              0x08004909   Thumb Code   196  stm32f4xx_ll_usb.o(i.USB_HC_Halt)
    USB_HC_Init                              0x080049cd   Thumb Code   272  stm32f4xx_ll_usb.o(i.USB_HC_Init)
    USB_HC_ReadInterrupt                     0x08004add   Thumb Code     8  stm32f4xx_ll_usb.o(i.USB_HC_ReadInterrupt)
    USB_HC_StartXfer                         0x08004ae5   Thumb Code   326  stm32f4xx_ll_usb.o(i.USB_HC_StartXfer)
    USB_HostInit                             0x08004c31   Thumb Code   212  stm32f4xx_ll_usb.o(i.USB_HostInit)
    USB_InitFSLSPClkSel                      0x08004d19   Thumb Code    58  stm32f4xx_ll_usb.o(i.USB_InitFSLSPClkSel)
    USB_ReadInterrupts                       0x08004d53   Thumb Code     8  stm32f4xx_ll_usb.o(i.USB_ReadInterrupts)
    USB_ReadPacket                           0x08004d5b   Thumb Code    30  stm32f4xx_ll_usb.o(i.USB_ReadPacket)
    USB_ResetPort                            0x08004d79   Thumb Code    52  stm32f4xx_ll_usb.o(i.USB_ResetPort)
    USB_SetCurrentMode                       0x08004dad   Thumb Code    48  stm32f4xx_ll_usb.o(i.USB_SetCurrentMode)
    USB_StopHost                             0x08004ddd   Thumb Code   128  stm32f4xx_ll_usb.o(i.USB_StopHost)
    USB_WritePacket                          0x08004e5d   Thumb Code    38  stm32f4xx_ll_usb.o(i.USB_WritePacket)
    UsageFault_Handler                       0x08004e83   Thumb Code     2  stm32f4xx_it.o(i.UsageFault_Handler)
    __0printf$5                              0x08004e85   Thumb Code    22  printf5.o(i.__0printf$5)
    __1printf$5                              0x08004e85   Thumb Code     0  printf5.o(i.__0printf$5)
    __2printf                                0x08004e85   Thumb Code     0  printf5.o(i.__0printf$5)
    __scatterload_copy                       0x08004ec5   Thumb Code    14  handlers.o(i.__scatterload_copy)
    __scatterload_null                       0x08004ed3   Thumb Code     2  handlers.o(i.__scatterload_null)
    __scatterload_zeroinit                   0x08004ed5   Thumb Code    14  handlers.o(i.__scatterload_zeroinit)
    disk_initialize                          0x08005e75   Thumb Code    38  diskio.o(i.disk_initialize)
    disk_ioctl                               0x08005ea1   Thumb Code    22  diskio.o(i.disk_ioctl)
    disk_read                                0x08005ebd   Thumb Code    24  diskio.o(i.disk_read)
    disk_status                              0x08005ed9   Thumb Code    18  diskio.o(i.disk_status)
    disk_write                               0x08005ef1   Thumb Code    24  diskio.o(i.disk_write)
    f_close                                  0x08005f35   Thumb Code    52  ff.o(i.f_close)
    f_mount                                  0x08005f69   Thumb Code   128  ff.o(i.f_mount)
    f_open                                   0x08005fed   Thumb Code   912  ff.o(i.f_open)
    f_sync                                   0x0800637d   Thumb Code   396  ff.o(i.f_sync)
    f_write                                  0x08006509   Thumb Code   574  ff.o(i.f_write)
    ff_convert                               0x08006749   Thumb Code    78  cc936.o(i.ff_convert)
    ff_cre_syncobj                           0x080067a1   Thumb Code    28  syscall.o(i.ff_cre_syncobj)
    ff_del_syncobj                           0x080067bd   Thumb Code    10  syscall.o(i.ff_del_syncobj)
    ff_rel_grant                             0x080067c7   Thumb Code     4  syscall.o(i.ff_rel_grant)
    ff_req_grant                             0x080067cb   Thumb Code    20  syscall.o(i.ff_req_grant)
    ff_wtoupper                              0x080067e1   Thumb Code   132  cc936.o(i.ff_wtoupper)
    fputc                                    0x08006dc9   Thumb Code    18  usart.o(i.fputc)
    free                                     0x08006de1   Thumb Code    76  malloc.o(i.free)
    get_fattime                              0x08006fff   Thumb Code     4  fatfs.o(i.get_fattime)
    main                                     0x080072a5   Thumb Code    32  main.o(i.main)
    malloc                                   0x080072e9   Thumb Code    92  malloc.o(i.malloc)
    osDelay                                  0x080073bf   Thumb Code    16  cmsis_os.o(i.osDelay)
    osKernelStart                            0x080073cf   Thumb Code    10  cmsis_os.o(i.osKernelStart)
    osMessageCreate                          0x080073d9   Thumb Code    40  cmsis_os.o(i.osMessageCreate)
    osMessageGet                             0x08007401   Thumb Code   144  cmsis_os.o(i.osMessageGet)
    osMessagePut                             0x08007495   Thumb Code    92  cmsis_os.o(i.osMessagePut)
    osSemaphoreCreate                        0x080074f5   Thumb Code    88  cmsis_os.o(i.osSemaphoreCreate)
    osSemaphoreDelete                        0x0800754d   Thumb Code    24  cmsis_os.o(i.osSemaphoreDelete)
    osSemaphoreRelease                       0x08007565   Thumb Code    76  cmsis_os.o(i.osSemaphoreRelease)
    osSemaphoreWait                          0x080075b5   Thumb Code    98  cmsis_os.o(i.osSemaphoreWait)
    osThreadCreate                           0x0800761d   Thumb Code    88  cmsis_os.o(i.osThreadCreate)
    pvPortMalloc                             0x08007d4d   Thumb Code   208  heap_4.o(i.pvPortMalloc)
    pvTaskIncrementMutexHeldCount            0x08007e21   Thumb Code    20  tasks.o(i.pvTaskIncrementMutexHeldCount)
    pxPortInitialiseStack                    0x08007e39   Thumb Code    30  port.o(i.pxPortInitialiseStack)
    uxListRemove                             0x08008155   Thumb Code    38  list.o(i.uxListRemove)
    vApplicationGetIdleTaskMemory            0x0800817d   Thumb Code    16  freertos.o(i.vApplicationGetIdleTaskMemory)
    vListInitialise                          0x08008191   Thumb Code    22  list.o(i.vListInitialise)
    vListInitialiseItem                      0x080081a7   Thumb Code     6  list.o(i.vListInitialiseItem)
    vListInsert                              0x080081ad   Thumb Code    48  list.o(i.vListInsert)
    vListInsertEnd                           0x080081dd   Thumb Code    24  list.o(i.vListInsertEnd)
    vPortEnterCritical                       0x080081f5   Thumb Code    54  port.o(i.vPortEnterCritical)
    vPortExitCritical                        0x08008235   Thumb Code    38  port.o(i.vPortExitCritical)
    vPortFree                                0x08008261   Thumb Code    88  heap_4.o(i.vPortFree)
    vPortSetupTimerInterrupt                 0x080082bd   Thumb Code    32  port.o(i.vPortSetupTimerInterrupt)
    vPortValidateInterruptPriority           0x080082e1   Thumb Code    74  port.o(i.vPortValidateInterruptPriority)
    vQueueDelete                             0x08008335   Thumb Code    50  queue.o(i.vQueueDelete)
    vQueueUnregisterQueue                    0x08008369   Thumb Code    36  queue.o(i.vQueueUnregisterQueue)
    vTaskDelay                               0x08008391   Thumb Code    70  tasks.o(i.vTaskDelay)
    vTaskInternalSetTimeOutState             0x080083e1   Thumb Code    12  tasks.o(i.vTaskInternalSetTimeOutState)
    vTaskMissedYield                         0x080083f1   Thumb Code     8  tasks.o(i.vTaskMissedYield)
    vTaskPlaceOnEventList                    0x080083fd   Thumb Code    46  tasks.o(i.vTaskPlaceOnEventList)
    vTaskPriorityDisinheritAfterTimeout      0x08008431   Thumb Code   164  tasks.o(i.vTaskPriorityDisinheritAfterTimeout)
    vTaskStartScheduler                      0x080084dd   Thumb Code   118  tasks.o(i.vTaskStartScheduler)
    vTaskSuspendAll                          0x08008565   Thumb Code    10  tasks.o(i.vTaskSuspendAll)
    vTaskSwitchContext                       0x08008575   Thumb Code    86  tasks.o(i.vTaskSwitchContext)
    xPortStartScheduler                      0x08008621   Thumb Code   222  port.o(i.xPortStartScheduler)
    xQueueCreateCountingSemaphore            0x08008715   Thumb Code    60  queue.o(i.xQueueCreateCountingSemaphore)
    xQueueCreateCountingSemaphoreStatic      0x08008751   Thumb Code    66  queue.o(i.xQueueCreateCountingSemaphoreStatic)
    xQueueGenericCreate                      0x08008793   Thumb Code    74  queue.o(i.xQueueGenericCreate)
    xQueueGenericCreateStatic                0x080087dd   Thumb Code   108  queue.o(i.xQueueGenericCreateStatic)
    xQueueGenericReset                       0x08008849   Thumb Code   134  queue.o(i.xQueueGenericReset)
    xQueueGenericSend                        0x080088d5   Thumb Code   352  queue.o(i.xQueueGenericSend)
    xQueueGenericSendFromISR                 0x08008a39   Thumb Code   190  queue.o(i.xQueueGenericSendFromISR)
    xQueueGiveFromISR                        0x08008af7   Thumb Code   158  queue.o(i.xQueueGiveFromISR)
    xQueueReceive                            0x08008b95   Thumb Code   310  queue.o(i.xQueueReceive)
    xQueueReceiveFromISR                     0x08008cd1   Thumb Code   156  queue.o(i.xQueueReceiveFromISR)
    xQueueSemaphoreTake                      0x08008d6d   Thumb Code   376  queue.o(i.xQueueSemaphoreTake)
    xTaskCheckForTimeOut                     0x08008ee9   Thumb Code   118  tasks.o(i.xTaskCheckForTimeOut)
    xTaskCreate                              0x08008f65   Thumb Code   100  tasks.o(i.xTaskCreate)
    xTaskCreateStatic                        0x08008fc9   Thumb Code    92  tasks.o(i.xTaskCreateStatic)
    xTaskGetSchedulerState                   0x08009025   Thumb Code    24  tasks.o(i.xTaskGetSchedulerState)
    xTaskIncrementTick                       0x08009041   Thumb Code   196  tasks.o(i.xTaskIncrementTick)
    xTaskPriorityDisinherit                  0x0800910d   Thumb Code   144  tasks.o(i.xTaskPriorityDisinherit)
    xTaskPriorityInherit                     0x080091a5   Thumb Code   142  tasks.o(i.xTaskPriorityInherit)
    xTaskRemoveFromEventList                 0x0800923d   Thumb Code   114  tasks.o(i.xTaskRemoveFromEventList)
    xTaskResumeAll                           0x080092b9   Thumb Code   192  tasks.o(i.xTaskResumeAll)
    USBH_Driver                              0x08009400   Data          20  usbh_diskio.o(.constdata)
    AHBPrescTable                            0x08009430   Data          16  system_stm32f4xx.o(.constdata)
    APBPrescTable                            0x08009440   Data           8  system_stm32f4xx.o(.constdata)
    Region$$Table$$Base                      0x08034070   Number         0  anon$$obj.o(Region$$Table)
    Region$$Table$$Limit                     0x08034090   Number         0  anon$$obj.o(Region$$Table)
    retUSBH                                  0x20000000   Data           1  fatfs.o(.data)
    USBHPath                                 0x20000001   Data           4  fatfs.o(.data)
    defaultTaskHandle                        0x20000008   Data           4  freertos.o(.data)
    __stdout                                 0x2000000c   Data           4  usart.o(.data)
    Appli_state                              0x20000010   Data           1  usb_host.o(.data)
    uwTickFreq                               0x20000018   Data           1  stm32f4xx_hal.o(.data)
    uwTickPrio                               0x2000001c   Data           4  stm32f4xx_hal.o(.data)
    uwTick                                   0x20000020   Data           4  stm32f4xx_hal.o(.data)
    SystemCoreClock                          0x20000024   Data           4  system_stm32f4xx.o(.data)
    USBH_msc                                 0x20000030   Data          32  usbh_msc.o(.data)
    pxCurrentTCB                             0x20000050   Data           4  tasks.o(.data)
    __microlib_freelist                      0x200000b0   Data           4  mvars.o(.data)
    __microlib_freelist_initialised          0x200000b4   Data           4  mvars.o(.data)
    USBDISKFatFs                             0x200000b8   Data         572  main.o(.bss)
    MyFile                                   0x200002f8   Data         600  main.o(.bss)
    huart8                                   0x200007a4   Data          64  usart.o(.bss)
    hUsbHostFS                               0x200007e4   Data         984  usb_host.o(.bss)
    hhcd_USB_OTG_FS                          0x20000bbc   Data         708  usbh_conf.o(.bss)
    htim2                                    0x20000e80   Data          64  stm32f4xx_hal_timebase_tim.o(.bss)
    disk                                     0x20000ee0   Data          12  ff_gen_drv.o(.bss)
    xQueueRegistry                           0x20000eec   Data          64  queue.o(.bss)
    __heap_base                              0x20004c20   Data           0  startup_stm32f427xx.o(HEAP)
    __heap_limit                             0x20006c20   Data           0  startup_stm32f427xx.o(HEAP)
    __initial_sp                             0x2000ac20   Data           0  startup_stm32f427xx.o(STACK)



==============================================================================

Memory Map of the image

  Image Entry point : 0x080001ad

  Load Region LR_IROM1 (Base: 0x08000000, Size: 0x00034148, Max: 0x00100000, ABSOLUTE)

    Execution Region ER_IROM1 (Exec base: 0x08000000, Load base: 0x08000000, Size: 0x00034090, Max: 0x00100000, ABSOLUTE)

    Exec Addr    Load Addr    Size         Type   Attr      Idx    E Section Name        Object

    0x08000000   0x08000000   0x000001ac   Data   RO            3    RESET               startup_stm32f427xx.o
    0x080001ac   0x080001ac   0x00000000   Code   RO         6495  * .ARM.Collect$$$$00000000  mc_w.l(entry.o)
    0x080001ac   0x080001ac   0x00000004   Code   RO         6797    .ARM.Collect$$$$00000001  mc_w.l(entry2.o)
    0x080001b0   0x080001b0   0x00000004   Code   RO         6800    .ARM.Collect$$$$00000004  mc_w.l(entry5.o)
    0x080001b4   0x080001b4   0x00000000   Code   RO         6802    .ARM.Collect$$$$00000008  mc_w.l(entry7b.o)
    0x080001b4   0x080001b4   0x00000000   Code   RO         6804    .ARM.Collect$$$$0000000A  mc_w.l(entry8b.o)
    0x080001b4   0x080001b4   0x00000008   Code   RO         6805    .ARM.Collect$$$$0000000B  mc_w.l(entry9a.o)
    0x080001bc   0x080001bc   0x00000000   Code   RO         6807    .ARM.Collect$$$$0000000D  mc_w.l(entry10a.o)
    0x080001bc   0x080001bc   0x00000000   Code   RO         6809    .ARM.Collect$$$$0000000F  mc_w.l(entry11a.o)
    0x080001bc   0x080001bc   0x00000004   Code   RO         6798    .ARM.Collect$$$$00002712  mc_w.l(entry2.o)
    0x080001c0   0x080001c0   0x000000be   Code   RO         6418    .emb_text           port.o
    0x0800027e   0x0800027e   0x00000002   PAD
    0x08000280   0x08000280   0x00000024   Code   RO            4    .text               startup_stm32f427xx.o
    0x080002a4   0x080002a4   0x00000062   Code   RO         6498    .text               mc_w.l(uldiv.o)
    0x08000306   0x08000306   0x00000024   Code   RO         6500    .text               mc_w.l(memcpya.o)
    0x0800032a   0x0800032a   0x00000024   Code   RO         6504    .text               mc_w.l(memseta.o)
    0x0800034e   0x0800034e   0x0000001e   Code   RO         6813    .text               mc_w.l(llshl.o)
    0x0800036c   0x0800036c   0x00000020   Code   RO         6815    .text               mc_w.l(llushr.o)
    0x0800038c   0x0800038c   0x00000024   Code   RO         6830    .text               mc_w.l(init.o)
    0x080003b0   0x080003b0   0x00000002   Code   RO          760    i.BusFault_Handler  stm32f4xx_it.o
    0x080003b2   0x080003b2   0x00000046   Code   RO         4598    i.DeInitStateMachine  usbh_core.o
    0x080003f8   0x080003f8   0x00000002   Code   RO          761    i.DebugMon_Handler  stm32f4xx_it.o
    0x080003fa   0x080003fa   0x00000002   Code   RO           13    i.Error_Handler     main.o
    0x080003fc   0x080003fc   0x00000006   Code   RO         4468    i.FATFS_LinkDriver  ff_gen_drv.o
    0x08000402   0x08000402   0x00000002   PAD
    0x08000404   0x08000404   0x00000040   Code   RO         4469    i.FATFS_LinkDriverEx  ff_gen_drv.o
    0x08000444   0x08000444   0x00000006   Code   RO         4470    i.FATFS_UnLinkDriver  ff_gen_drv.o
    0x0800044a   0x0800044a   0x00000002   PAD
    0x0800044c   0x0800044c   0x00000034   Code   RO         4471    i.FATFS_UnLinkDriverEx  ff_gen_drv.o
    0x08000480   0x08000480   0x00000024   Code   RO         2376    i.HAL_Delay         stm32f4xx_hal.o
    0x080004a4   0x080004a4   0x000001d0   Code   RO         1832    i.HAL_GPIO_Init     stm32f4xx_hal_gpio.o
    0x08000674   0x08000674   0x0000000e   Code   RO         1836    i.HAL_GPIO_WritePin  stm32f4xx_hal_gpio.o
    0x08000682   0x08000682   0x00000002   PAD
    0x08000684   0x08000684   0x0000000c   Code   RO         2384    i.HAL_GetTick       stm32f4xx_hal.o
    0x08000690   0x08000690   0x00000008   Code   RO          570    i.HAL_HCD_Connect_Callback  usbh_conf.o
    0x08000698   0x08000698   0x00000008   Code   RO          571    i.HAL_HCD_Disconnect_Callback  usbh_conf.o
    0x080006a0   0x080006a0   0x00000006   Code   RO          896    i.HAL_HCD_GetCurrentFrame  stm32f4xx_hal_hcd.o
    0x080006a6   0x080006a6   0x00000006   Code   RO          897    i.HAL_HCD_GetCurrentSpeed  stm32f4xx_hal_hcd.o
    0x080006ac   0x080006ac   0x0000000e   Code   RO          900    i.HAL_HCD_HC_GetURBState  stm32f4xx_hal_hcd.o
    0x080006ba   0x080006ba   0x0000000c   Code   RO          901    i.HAL_HCD_HC_GetXferCount  stm32f4xx_hal_hcd.o
    0x080006c6   0x080006c6   0x00000024   Code   RO          902    i.HAL_HCD_HC_Halt   stm32f4xx_hal_hcd.o
    0x080006ea   0x080006ea   0x00000068   Code   RO          903    i.HAL_HCD_HC_Init   stm32f4xx_hal_hcd.o
    0x08000752   0x08000752   0x00000008   Code   RO          572    i.HAL_HCD_HC_NotifyURBChange_Callback  usbh_conf.o
    0x0800075a   0x0800075a   0x000000d8   Code   RO          905    i.HAL_HCD_HC_SubmitRequest  stm32f4xx_hal_hcd.o
    0x08000832   0x08000832   0x00000136   Code   RO          906    i.HAL_HCD_IRQHandler  stm32f4xx_hal_hcd.o
    0x08000968   0x08000968   0x00000074   Code   RO          907    i.HAL_HCD_Init      stm32f4xx_hal_hcd.o
    0x080009dc   0x080009dc   0x00000084   Code   RO          574    i.HAL_HCD_MspInit   usbh_conf.o
    0x08000a60   0x08000a60   0x00000008   Code   RO          575    i.HAL_HCD_PortDisabled_Callback  usbh_conf.o
    0x08000a68   0x08000a68   0x00000008   Code   RO          576    i.HAL_HCD_PortEnabled_Callback  usbh_conf.o
    0x08000a70   0x08000a70   0x00000006   Code   RO          912    i.HAL_HCD_ResetPort  stm32f4xx_hal_hcd.o
    0x08000a76   0x08000a76   0x00000008   Code   RO          577    i.HAL_HCD_SOF_Callback  usbh_conf.o
    0x08000a7e   0x08000a7e   0x0000002c   Code   RO          914    i.HAL_HCD_Start     stm32f4xx_hal_hcd.o
    0x08000aaa   0x08000aaa   0x00000024   Code   RO          915    i.HAL_HCD_Stop      stm32f4xx_hal_hcd.o
    0x08000ace   0x08000ace   0x00000002   PAD
    0x08000ad0   0x08000ad0   0x00000010   Code   RO         2390    i.HAL_IncTick       stm32f4xx_hal.o
    0x08000ae0   0x08000ae0   0x00000034   Code   RO         2391    i.HAL_Init          stm32f4xx_hal.o
    0x08000b14   0x08000b14   0x00000074   Code   RO          854    i.HAL_InitTick      stm32f4xx_hal_timebase_tim.o
    0x08000b88   0x08000b88   0x00000038   Code   RO          830    i.HAL_MspInit       stm32f4xx_hal_msp.o
    0x08000bc0   0x08000bc0   0x0000001a   Code   RO         2239    i.HAL_NVIC_EnableIRQ  stm32f4xx_hal_cortex.o
    0x08000bda   0x08000bda   0x00000002   PAD
    0x08000bdc   0x08000bdc   0x00000040   Code   RO         2245    i.HAL_NVIC_SetPriority  stm32f4xx_hal_cortex.o
    0x08000c1c   0x08000c1c   0x00000024   Code   RO         2246    i.HAL_NVIC_SetPriorityGrouping  stm32f4xx_hal_cortex.o
    0x08000c40   0x08000c40   0x0000014c   Code   RO         1376    i.HAL_RCC_ClockConfig  stm32f4xx_hal_rcc.o
    0x08000d8c   0x08000d8c   0x0000003c   Code   RO         1380    i.HAL_RCC_GetClockConfig  stm32f4xx_hal_rcc.o
    0x08000dc8   0x08000dc8   0x0000000c   Code   RO         1381    i.HAL_RCC_GetHCLKFreq  stm32f4xx_hal_rcc.o
    0x08000dd4   0x08000dd4   0x00000020   Code   RO         1383    i.HAL_RCC_GetPCLK1Freq  stm32f4xx_hal_rcc.o
    0x08000df4   0x08000df4   0x00000020   Code   RO         1384    i.HAL_RCC_GetPCLK2Freq  stm32f4xx_hal_rcc.o
    0x08000e14   0x08000e14   0x0000006c   Code   RO         1385    i.HAL_RCC_GetSysClockFreq  stm32f4xx_hal_rcc.o
    0x08000e80   0x08000e80   0x000003d0   Code   RO         1388    i.HAL_RCC_OscConfig  stm32f4xx_hal_rcc.o
    0x08001250   0x08001250   0x00000002   Code   RO         3327    i.HAL_TIMEx_BreakCallback  stm32f4xx_hal_tim_ex.o
    0x08001252   0x08001252   0x00000002   Code   RO         3328    i.HAL_TIMEx_CommutCallback  stm32f4xx_hal_tim_ex.o
    0x08001254   0x08001254   0x00000038   Code   RO         2641    i.HAL_TIM_Base_Init  stm32f4xx_hal_tim.o
    0x0800128c   0x0800128c   0x00000002   Code   RO         2643    i.HAL_TIM_Base_MspInit  stm32f4xx_hal_tim.o
    0x0800128e   0x0800128e   0x00000022   Code   RO         2646    i.HAL_TIM_Base_Start_IT  stm32f4xx_hal_tim.o
    0x080012b0   0x080012b0   0x00000002   Code   RO         2670    i.HAL_TIM_IC_CaptureCallback  stm32f4xx_hal_tim.o
    0x080012b2   0x080012b2   0x0000016e   Code   RO         2684    i.HAL_TIM_IRQHandler  stm32f4xx_hal_tim.o
    0x08001420   0x08001420   0x00000002   Code   RO         2687    i.HAL_TIM_OC_DelayElapsedCallback  stm32f4xx_hal_tim.o
    0x08001422   0x08001422   0x00000002   Code   RO         2714    i.HAL_TIM_PWM_PulseFinishedCallback  stm32f4xx_hal_tim.o
    0x08001424   0x08001424   0x0000000e   Code   RO           14    i.HAL_TIM_PeriodElapsedCallback  main.o
    0x08001432   0x08001432   0x00000002   Code   RO         2727    i.HAL_TIM_TriggerCallback  stm32f4xx_hal_tim.o
    0x08001434   0x08001434   0x00000064   Code   RO         3603    i.HAL_UART_Init     stm32f4xx_hal_uart.o
    0x08001498   0x08001498   0x00000068   Code   RO          466    i.HAL_UART_MspInit  usart.o
    0x08001500   0x08001500   0x00000256   Code   RO          916    i.HCD_HC_IN_IRQHandler  stm32f4xx_hal_hcd.o
    0x08001756   0x08001756   0x00000242   Code   RO          917    i.HCD_HC_OUT_IRQHandler  stm32f4xx_hal_hcd.o
    0x08001998   0x08001998   0x000000c4   Code   RO          918    i.HCD_Port_IRQHandler  stm32f4xx_hal_hcd.o
    0x08001a5c   0x08001a5c   0x00000070   Code   RO          919    i.HCD_RXQLVL_IRQHandler  stm32f4xx_hal_hcd.o
    0x08001acc   0x08001acc   0x00000002   Code   RO          762    i.HardFault_Handler  stm32f4xx_it.o
    0x08001ace   0x08001ace   0x00000002   PAD
    0x08001ad0   0x08001ad0   0x000000b0   Code   RO           15    i.MSC_Application   main.o
    0x08001b80   0x08001b80   0x0000001c   Code   RO          374    i.MX_FATFS_Init     fatfs.o
    0x08001b9c   0x08001b9c   0x00000028   Code   RO          412    i.MX_FREERTOS_Init  freertos.o
    0x08001bc4   0x08001bc4   0x0000008c   Code   RO          282    i.MX_GPIO_Init      gpio.o
    0x08001c50   0x08001c50   0x00000038   Code   RO          467    i.MX_UART8_Init     usart.o
    0x08001c88   0x08001c88   0x00000040   Code   RO          530    i.MX_USB_HOST_Init  usb_host.o
    0x08001cc8   0x08001cc8   0x00000002   Code   RO          763    i.MemManage_Handler  stm32f4xx_it.o
    0x08001cca   0x08001cca   0x00000002   Code   RO          764    i.NMI_Handler       stm32f4xx_it.o
    0x08001ccc   0x08001ccc   0x0000000c   Code   RO          765    i.OTG_FS_IRQHandler  stm32f4xx_it.o
    0x08001cd8   0x08001cd8   0x00000014   Code   RO          413    i.StartDefaultTask  freertos.o
    0x08001cec   0x08001cec   0x0000002c   Code   RO         6419    i.SysTick_Handler   port.o
    0x08001d18   0x08001d18   0x00000098   Code   RO           16    i.SystemClock_Config  main.o
    0x08001db0   0x08001db0   0x0000001c   Code   RO         3910    i.SystemInit        system_stm32f4xx.o
    0x08001dcc   0x08001dcc   0x0000000c   Code   RO          766    i.TIM2_IRQHandler   stm32f4xx_it.o
    0x08001dd8   0x08001dd8   0x000000cc   Code   RO         2729    i.TIM_Base_SetConfig  stm32f4xx_hal_tim.o
    0x08001ea4   0x08001ea4   0x000001e0   Code   RO         3630    i.UART_SetConfig    stm32f4xx_hal_uart.o
    0x08002084   0x08002084   0x00000024   Code   RO         4938    i.USBH_AllocPipe    usbh_pipes.o
    0x080020a8   0x080020a8   0x00000020   Code   RO         4866    i.USBH_BulkReceiveData  usbh_ioreq.o
    0x080020c8   0x080020c8   0x0000002c   Code   RO         4867    i.USBH_BulkSendData  usbh_ioreq.o
    0x080020f4   0x080020f4   0x0000000a   Code   RO         4939    i.USBH_ClosePipe    usbh_pipes.o
    0x080020fe   0x080020fe   0x0000001e   Code   RO         4752    i.USBH_ClrFeature   usbh_ctlreq.o
    0x0800211c   0x0800211c   0x00000020   Code   RO         4868    i.USBH_CtlReceiveData  usbh_ioreq.o
    0x0800213c   0x0800213c   0x00000058   Code   RO         4753    i.USBH_CtlReq       usbh_ctlreq.o
    0x08002194   0x08002194   0x0000002c   Code   RO         4869    i.USBH_CtlSendData  usbh_ioreq.o
    0x080021c0   0x080021c0   0x0000001e   Code   RO         4870    i.USBH_CtlSendSetup  usbh_ioreq.o
    0x080021de   0x080021de   0x00000004   Code   RO          578    i.USBH_Delay        usbh_conf.o
    0x080021e2   0x080021e2   0x00000044   Code   RO         4600    i.USBH_FindInterface  usbh_core.o
    0x08002226   0x08002226   0x00000018   Code   RO         4940    i.USBH_FreePipe     usbh_pipes.o
    0x0800223e   0x0800223e   0x00000038   Code   RO         4754    i.USBH_GetDescriptor  usbh_ctlreq.o
    0x08002276   0x08002276   0x0000001e   Code   RO         4941    i.USBH_GetFreePipe  usbh_pipes.o
    0x08002294   0x08002294   0x0000000e   Code   RO         4755    i.USBH_GetNextDesc  usbh_ctlreq.o
    0x080022a2   0x080022a2   0x0000002e   Code   RO         4756    i.USBH_Get_CfgDesc  usbh_ctlreq.o
    0x080022d0   0x080022d0   0x0000002e   Code   RO         4757    i.USBH_Get_DevDesc  usbh_ctlreq.o
    0x080022fe   0x080022fe   0x0000002a   Code   RO         4758    i.USBH_Get_StringDesc  usbh_ctlreq.o
    0x08002328   0x08002328   0x00000024   Code   RO          579    i.USBH_Get_USB_Status  usbh_conf.o
    0x0800234c   0x0800234c   0x000002f0   Code   RO         4759    i.USBH_HandleControl  usbh_ctlreq.o
    0x0800263c   0x0800263c   0x000002bc   Code   RO         4603    i.USBH_HandleEnum   usbh_core.o
    0x080028f8   0x080028f8   0x00000014   Code   RO         4604    i.USBH_HandleSof    usbh_core.o
    0x0800290c   0x0800290c   0x000000a0   Code   RO         4605    i.USBH_Init         usbh_core.o
    0x080029ac   0x080029ac   0x00000006   Code   RO         4606    i.USBH_IsPortEnabled  usbh_core.o
    0x080029b2   0x080029b2   0x00000012   Code   RO          580    i.USBH_LL_ClosePipe  usbh_conf.o
    0x080029c4   0x080029c4   0x00000040   Code   RO         4607    i.USBH_LL_Connect   usbh_core.o
    0x08002a04   0x08002a04   0x00000074   Code   RO         4608    i.USBH_LL_Disconnect  usbh_core.o
    0x08002a78   0x08002a78   0x00000010   Code   RO          582    i.USBH_LL_DriverVBUS  usbh_conf.o
    0x08002a88   0x08002a88   0x00000008   Code   RO          583    i.USBH_LL_GetLastXferSize  usbh_conf.o
    0x08002a90   0x08002a90   0x00000022   Code   RO          584    i.USBH_LL_GetSpeed  usbh_conf.o
    0x08002ab2   0x08002ab2   0x00000020   Code   RO          585    i.USBH_LL_GetToggle  usbh_conf.o
    0x08002ad2   0x08002ad2   0x00000008   Code   RO          586    i.USBH_LL_GetURBState  usbh_conf.o
    0x08002ada   0x08002ada   0x0000000e   Code   RO         4609    i.USBH_LL_IncTimer  usbh_core.o
    0x08002ae8   0x08002ae8   0x00000050   Code   RO          587    i.USBH_LL_Init      usbh_conf.o
    0x08002b38   0x08002b38   0x00000016   Code   RO         4610    i.USBH_LL_NotifyURBChange  usbh_core.o
    0x08002b4e   0x08002b4e   0x0000001e   Code   RO          588    i.USBH_LL_OpenPipe  usbh_conf.o
    0x08002b6c   0x08002b6c   0x00000008   Code   RO         4611    i.USBH_LL_PortDisabled  usbh_core.o
    0x08002b74   0x08002b74   0x00000008   Code   RO         4612    i.USBH_LL_PortEnabled  usbh_core.o
    0x08002b7c   0x08002b7c   0x00000012   Code   RO          589    i.USBH_LL_ResetPort  usbh_conf.o
    0x08002b8e   0x08002b8e   0x00000006   Code   RO         4613    i.USBH_LL_SetTimer  usbh_core.o
    0x08002b94   0x08002b94   0x00000022   Code   RO          590    i.USBH_LL_SetToggle  usbh_conf.o
    0x08002bb6   0x08002bb6   0x00000012   Code   RO          591    i.USBH_LL_Start     usbh_conf.o
    0x08002bc8   0x08002bc8   0x00000012   Code   RO          592    i.USBH_LL_Stop      usbh_conf.o
    0x08002bda   0x08002bda   0x00000026   Code   RO          593    i.USBH_LL_SubmitURB  usbh_conf.o
    0x08002c00   0x08002c00   0x00000024   Code   RO         5076    i.USBH_MSC_BOT_Abort  usbh_msc_bot.o
    0x08002c24   0x08002c24   0x00000024   Code   RO         5077    i.USBH_MSC_BOT_Init  usbh_msc_bot.o
    0x08002c48   0x08002c48   0x000002ce   Code   RO         5078    i.USBH_MSC_BOT_Process  usbh_msc_bot.o
    0x08002f16   0x08002f16   0x00000016   Code   RO         5079    i.USBH_MSC_BOT_REQ_GetMaxLUN  usbh_msc_bot.o
    0x08002f2c   0x08002f2c   0x00000018   Code   RO         5080    i.USBH_MSC_BOT_REQ_Reset  usbh_msc_bot.o
    0x08002f44   0x08002f44   0x000000ac   Code   RO         4985    i.USBH_MSC_ClassRequest  usbh_msc.o
    0x08002ff0   0x08002ff0   0x0000004c   Code   RO         5081    i.USBH_MSC_DecodeCSW  usbh_msc_bot.o
    0x0800303c   0x0800303c   0x0000002e   Code   RO         4986    i.USBH_MSC_GetLUNInfo  usbh_msc.o
    0x0800306a   0x0800306a   0x0000004c   Code   RO         4988    i.USBH_MSC_InterfaceDeInit  usbh_msc.o
    0x080030b6   0x080030b6   0x0000014c   Code   RO         4989    i.USBH_MSC_InterfaceInit  usbh_msc.o
    0x08003202   0x08003202   0x00000002   PAD
    0x08003204   0x08003204   0x000005fa   Code   RO         4991    i.USBH_MSC_Process  usbh_msc.o
    0x080037fe   0x080037fe   0x00000002   PAD
    0x08003800   0x08003800   0x000001a0   Code   RO         4992    i.USBH_MSC_RdWrProcess  usbh_msc.o
    0x080039a0   0x080039a0   0x0000008c   Code   RO         4993    i.USBH_MSC_Read     usbh_msc.o
    0x08003a2c   0x08003a2c   0x000000c8   Code   RO         5132    i.USBH_MSC_SCSI_Inquiry  usbh_msc_scsi.o
    0x08003af4   0x08003af4   0x0000007e   Code   RO         5133    i.USBH_MSC_SCSI_Read  usbh_msc_scsi.o
    0x08003b72   0x08003b72   0x00000086   Code   RO         5134    i.USBH_MSC_SCSI_ReadCapacity  usbh_msc_scsi.o
    0x08003bf8   0x08003bf8   0x00000086   Code   RO         5135    i.USBH_MSC_SCSI_RequestSense  usbh_msc_scsi.o
    0x08003c7e   0x08003c7e   0x0000004a   Code   RO         5136    i.USBH_MSC_SCSI_TestUnitReady  usbh_msc_scsi.o
    0x08003cc8   0x08003cc8   0x0000007e   Code   RO         5137    i.USBH_MSC_SCSI_Write  usbh_msc_scsi.o
    0x08003d46   0x08003d46   0x00000004   Code   RO         4994    i.USBH_MSC_SOFProcess  usbh_msc.o
    0x08003d4a   0x08003d4a   0x00000026   Code   RO         4995    i.USBH_MSC_UnitIsReady  usbh_msc.o
    0x08003d70   0x08003d70   0x0000008c   Code   RO         4996    i.USBH_MSC_Write    usbh_msc.o
    0x08003dfc   0x08003dfc   0x00000016   Code   RO         4942    i.USBH_OpenPipe     usbh_pipes.o
    0x08003e12   0x08003e12   0x000000b0   Code   RO         4760    i.USBH_ParseCfgDesc  usbh_ctlreq.o
    0x08003ec2   0x08003ec2   0x00000058   Code   RO         4761    i.USBH_ParseDevDesc  usbh_ctlreq.o
    0x08003f1a   0x08003f1a   0x00000020   Code   RO         4762    i.USBH_ParseEPDesc  usbh_ctlreq.o
    0x08003f3a   0x08003f3a   0x00000026   Code   RO         4763    i.USBH_ParseInterfaceDesc  usbh_ctlreq.o
    0x08003f60   0x08003f60   0x0000002e   Code   RO         4764    i.USBH_ParseStringDesc  usbh_ctlreq.o
    0x08003f8e   0x08003f8e   0x00000002   PAD
    0x08003f90   0x08003f90   0x000003f4   Code   RO         4614    i.USBH_Process      usbh_core.o
    0x08004384   0x08004384   0x0000002a   Code   RO         4615    i.USBH_Process_OS   usbh_core.o
    0x080043ae   0x080043ae   0x00000002   PAD
    0x080043b0   0x080043b0   0x00000088   Code   RO         4617    i.USBH_RegisterClass  usbh_core.o
    0x08004438   0x08004438   0x000000f4   Code   RO         4618    i.USBH_SelectInterface  usbh_core.o
    0x0800452c   0x0800452c   0x0000001c   Code   RO         4765    i.USBH_SetAddress   usbh_ctlreq.o
    0x08004548   0x08004548   0x0000001c   Code   RO         4766    i.USBH_SetCfg       usbh_ctlreq.o
    0x08004564   0x08004564   0x0000001c   Code   RO         4767    i.USBH_SetFeature   usbh_ctlreq.o
    0x08004580   0x08004580   0x00000016   Code   RO         4619    i.USBH_Start        usbh_core.o
    0x08004596   0x08004596   0x00000002   PAD
    0x08004598   0x08004598   0x00000028   Code   RO          531    i.USBH_UserProcess  usb_host.o
    0x080045c0   0x080045c0   0x00000004   Code   RO          306    i.USBH_initialize   usbh_diskio.o
    0x080045c4   0x080045c4   0x00000070   Code   RO          307    i.USBH_ioctl        usbh_diskio.o
    0x08004634   0x08004634   0x00000078   Code   RO          308    i.USBH_read         usbh_diskio.o
    0x080046ac   0x080046ac   0x00000018   Code   RO          309    i.USBH_status       usbh_diskio.o
    0x080046c4   0x080046c4   0x000000b4   Code   RO          310    i.USBH_write        usbh_diskio.o
    0x08004778   0x08004778   0x00000080   Code   RO         1074    i.USB_CoreInit      stm32f4xx_ll_usb.o
    0x080047f8   0x080047f8   0x00000038   Code   RO         1075    i.USB_CoreReset     stm32f4xx_ll_usb.o
    0x08004830   0x08004830   0x0000000c   Code   RO         1082    i.USB_DisableGlobalInt  stm32f4xx_ll_usb.o
    0x0800483c   0x0800483c   0x00000020   Code   RO         1083    i.USB_DoPing        stm32f4xx_ll_usb.o
    0x0800485c   0x0800485c   0x0000003a   Code   RO         1084    i.USB_DriveVbus     stm32f4xx_ll_usb.o
    0x08004896   0x08004896   0x0000000c   Code   RO         1090    i.USB_EnableGlobalInt  stm32f4xx_ll_usb.o
    0x080048a2   0x080048a2   0x00000002   PAD
    0x080048a4   0x080048a4   0x00000020   Code   RO         1091    i.USB_FlushRxFifo   stm32f4xx_ll_usb.o
    0x080048c4   0x080048c4   0x00000024   Code   RO         1092    i.USB_FlushTxFifo   stm32f4xx_ll_usb.o
    0x080048e8   0x080048e8   0x00000008   Code   RO         1093    i.USB_GetCurrentFrame  stm32f4xx_ll_usb.o
    0x080048f0   0x080048f0   0x00000010   Code   RO         1095    i.USB_GetHostSpeed  stm32f4xx_ll_usb.o
    0x08004900   0x08004900   0x00000008   Code   RO         1096    i.USB_GetMode       stm32f4xx_ll_usb.o
    0x08004908   0x08004908   0x000000c4   Code   RO         1097    i.USB_HC_Halt       stm32f4xx_ll_usb.o
    0x080049cc   0x080049cc   0x00000110   Code   RO         1098    i.USB_HC_Init       stm32f4xx_ll_usb.o
    0x08004adc   0x08004adc   0x00000008   Code   RO         1099    i.USB_HC_ReadInterrupt  stm32f4xx_ll_usb.o
    0x08004ae4   0x08004ae4   0x0000014c   Code   RO         1100    i.USB_HC_StartXfer  stm32f4xx_ll_usb.o
    0x08004c30   0x08004c30   0x000000e8   Code   RO         1101    i.USB_HostInit      stm32f4xx_ll_usb.o
    0x08004d18   0x08004d18   0x0000003a   Code   RO         1102    i.USB_InitFSLSPClkSel  stm32f4xx_ll_usb.o
    0x08004d52   0x08004d52   0x00000008   Code   RO         1107    i.USB_ReadInterrupts  stm32f4xx_ll_usb.o
    0x08004d5a   0x08004d5a   0x0000001e   Code   RO         1108    i.USB_ReadPacket    stm32f4xx_ll_usb.o
    0x08004d78   0x08004d78   0x00000034   Code   RO         1109    i.USB_ResetPort     stm32f4xx_ll_usb.o
    0x08004dac   0x08004dac   0x00000030   Code   RO         1110    i.USB_SetCurrentMode  stm32f4xx_ll_usb.o
    0x08004ddc   0x08004ddc   0x00000080   Code   RO         1115    i.USB_StopHost      stm32f4xx_ll_usb.o
    0x08004e5c   0x08004e5c   0x00000026   Code   RO         1116    i.USB_WritePacket   stm32f4xx_ll_usb.o
    0x08004e82   0x08004e82   0x00000002   Code   RO          767    i.UsageFault_Handler  stm32f4xx_it.o
    0x08004e84   0x08004e84   0x00000020   Code   RO         6641    i.__0printf$5       mc_w.l(printf5.o)
    0x08004ea4   0x08004ea4   0x00000020   Code   RO         2252    i.__NVIC_SetPriority  stm32f4xx_hal_cortex.o
    0x08004ec4   0x08004ec4   0x0000000e   Code   RO         6838    i.__scatterload_copy  mc_w.l(handlers.o)
    0x08004ed2   0x08004ed2   0x00000002   Code   RO         6839    i.__scatterload_null  mc_w.l(handlers.o)
    0x08004ed4   0x08004ed4   0x0000000e   Code   RO         6840    i.__scatterload_zeroinit  mc_w.l(handlers.o)
    0x08004ee2   0x08004ee2   0x00000002   PAD
    0x08004ee4   0x08004ee4   0x000002c0   Code   RO         6648    i._printf_core      mc_w.l(printf5.o)
    0x080051a4   0x080051a4   0x0000007c   Code   RO         4002    i.change_bitmap     ff.o
    0x08005220   0x08005220   0x00000090   Code   RO         4003    i.check_fs          ff.o
    0x080052b0   0x080052b0   0x00000010   Code   RO         4004    i.chk_chr           ff.o
    0x080052c0   0x080052c0   0x00000060   Code   RO         4005    i.chk_lock          ff.o
    0x08005320   0x08005320   0x00000020   Code   RO         4006    i.clear_lock        ff.o
    0x08005340   0x08005340   0x00000032   Code   RO         4007    i.clmt_clust        ff.o
    0x08005372   0x08005372   0x00000018   Code   RO         4008    i.clust2sect        ff.o
    0x0800538a   0x0800538a   0x00000002   PAD
    0x0800538c   0x0800538c   0x00000094   Code   RO         4009    i.cmp_lfn           ff.o
    0x08005420   0x08005420   0x00000146   Code   RO         4010    i.create_chain      ff.o
    0x08005566   0x08005566   0x00000002   PAD
    0x08005568   0x08005568   0x00000238   Code   RO         4011    i.create_name       ff.o
    0x080057a0   0x080057a0   0x00000080   Code   RO         4012    i.create_xdir       ff.o
    0x08005820   0x08005820   0x00000030   Code   RO         4013    i.dec_lock          ff.o
    0x08005850   0x08005850   0x0000005e   Code   RO         4014    i.dir_alloc         ff.o
    0x080058ae   0x080058ae   0x0000014e   Code   RO         4015    i.dir_find          ff.o
    0x080059fc   0x080059fc   0x00000120   Code   RO         4016    i.dir_next          ff.o
    0x08005b1c   0x08005b1c   0x000000e6   Code   RO         4017    i.dir_read          ff.o
    0x08005c02   0x08005c02   0x000001cc   Code   RO         4018    i.dir_register      ff.o
    0x08005dce   0x08005dce   0x000000a6   Code   RO         4020    i.dir_sdi           ff.o
    0x08005e74   0x08005e74   0x0000002c   Code   RO         3947    i.disk_initialize   diskio.o
    0x08005ea0   0x08005ea0   0x0000001c   Code   RO         3948    i.disk_ioctl        diskio.o
    0x08005ebc   0x08005ebc   0x0000001c   Code   RO         3949    i.disk_read         diskio.o
    0x08005ed8   0x08005ed8   0x00000018   Code   RO         3950    i.disk_status       diskio.o
    0x08005ef0   0x08005ef0   0x0000001c   Code   RO         3951    i.disk_write        diskio.o
    0x08005f0c   0x08005f0c   0x00000028   Code   RO         4021    i.enq_lock          ff.o
    0x08005f34   0x08005f34   0x00000034   Code   RO         4022    i.f_close           ff.o
    0x08005f68   0x08005f68   0x00000084   Code   RO         4029    i.f_mount           ff.o
    0x08005fec   0x08005fec   0x00000390   Code   RO         4030    i.f_open            ff.o
    0x0800637c   0x0800637c   0x0000018c   Code   RO         4039    i.f_sync            ff.o
    0x08006508   0x08006508   0x0000023e   Code   RO         4042    i.f_write           ff.o
    0x08006746   0x08006746   0x00000002   PAD
    0x08006748   0x08006748   0x00000058   Code   RO         4566    i.ff_convert        cc936.o
    0x080067a0   0x080067a0   0x0000001c   Code   RO         4518    i.ff_cre_syncobj    syscall.o
    0x080067bc   0x080067bc   0x0000000a   Code   RO         4519    i.ff_del_syncobj    syscall.o
    0x080067c6   0x080067c6   0x00000004   Code   RO         4520    i.ff_rel_grant      syscall.o
    0x080067ca   0x080067ca   0x00000014   Code   RO         4521    i.ff_req_grant      syscall.o
    0x080067de   0x080067de   0x00000002   PAD
    0x080067e0   0x080067e0   0x0000008c   Code   RO         4567    i.ff_wtoupper       cc936.o
    0x0800686c   0x0800686c   0x0000002e   Code   RO         4043    i.fill_first_frag   ff.o
    0x0800689a   0x0800689a   0x00000032   Code   RO         4044    i.fill_last_frag    ff.o
    0x080068cc   0x080068cc   0x00000086   Code   RO         4045    i.find_bitmap       ff.o
    0x08006952   0x08006952   0x00000002   PAD
    0x08006954   0x08006954   0x000003b8   Code   RO         4046    i.find_volume       ff.o
    0x08006d0c   0x08006d0c   0x000000ba   Code   RO         4047    i.follow_path       ff.o
    0x08006dc6   0x08006dc6   0x00000002   PAD
    0x08006dc8   0x08006dc8   0x00000018   Code   RO          470    i.fputc             usart.o
    0x08006de0   0x08006de0   0x00000050   Code   RO         6769    i.free              mc_w.l(malloc.o)
    0x08006e30   0x08006e30   0x00000098   Code   RO         4048    i.gen_numname       ff.o
    0x08006ec8   0x08006ec8   0x00000136   Code   RO         4049    i.get_fat           ff.o
    0x08006ffe   0x08006ffe   0x00000004   Code   RO          375    i.get_fattime       fatfs.o
    0x08007002   0x08007002   0x00000042   Code   RO         4051    i.get_ldnumber      ff.o
    0x08007044   0x08007044   0x00000010   Code   RO         5988    i.inHandlerMode     cmsis_os.o
    0x08007054   0x08007054   0x00000088   Code   RO         4053    i.inc_lock          ff.o
    0x080070dc   0x080070dc   0x00000026   Code   RO         4054    i.ld_clust          ff.o
    0x08007102   0x08007102   0x00000016   Code   RO         4055    i.ld_dword          ff.o
    0x08007118   0x08007118   0x00000058   Code   RO         4056    i.ld_qword          ff.o
    0x08007170   0x08007170   0x0000000a   Code   RO         4057    i.ld_word           ff.o
    0x0800717a   0x0800717a   0x00000038   Code   RO         4058    i.load_obj_dir      ff.o
    0x080071b2   0x080071b2   0x000000dc   Code   RO         4059    i.load_xdir         ff.o
    0x0800728e   0x0800728e   0x00000016   Code   RO         4060    i.lock_fs           ff.o
    0x080072a4   0x080072a4   0x00000038   Code   RO           17    i.main              main.o
    0x080072dc   0x080072dc   0x0000000c   Code   RO         5990    i.makeFreeRtosPriority  cmsis_os.o
    0x080072e8   0x080072e8   0x0000006c   Code   RO         6770    i.malloc            mc_w.l(malloc.o)
    0x08007354   0x08007354   0x00000018   Code   RO         4061    i.mem_cmp           ff.o
    0x0800736c   0x0800736c   0x00000012   Code   RO         4062    i.mem_cpy           ff.o
    0x0800737e   0x0800737e   0x0000000c   Code   RO         4063    i.mem_set           ff.o
    0x0800738a   0x0800738a   0x00000034   Code   RO         4064    i.move_window       ff.o
    0x080073be   0x080073be   0x00000010   Code   RO         5992    i.osDelay           cmsis_os.o
    0x080073ce   0x080073ce   0x0000000a   Code   RO         5995    i.osKernelStart     cmsis_os.o
    0x080073d8   0x080073d8   0x00000028   Code   RO         6004    i.osMessageCreate   cmsis_os.o
    0x08007400   0x08007400   0x00000094   Code   RO         6006    i.osMessageGet      cmsis_os.o
    0x08007494   0x08007494   0x00000060   Code   RO         6008    i.osMessagePut      cmsis_os.o
    0x080074f4   0x080074f4   0x00000058   Code   RO         6021    i.osSemaphoreCreate  cmsis_os.o
    0x0800754c   0x0800754c   0x00000018   Code   RO         6022    i.osSemaphoreDelete  cmsis_os.o
    0x08007564   0x08007564   0x00000050   Code   RO         6024    i.osSemaphoreRelease  cmsis_os.o
    0x080075b4   0x080075b4   0x00000068   Code   RO         6025    i.osSemaphoreWait   cmsis_os.o
    0x0800761c   0x0800761c   0x00000058   Code   RO         6029    i.osThreadCreate    cmsis_os.o
    0x08007674   0x08007674   0x00000084   Code   RO         4065    i.pick_lfn          ff.o
    0x080076f8   0x080076f8   0x00000070   Code   RO         5676    i.prvAddCurrentTaskToDelayedList  tasks.o
    0x08007768   0x08007768   0x00000088   Code   RO         5677    i.prvAddNewTaskToReadyList  tasks.o
    0x080077f0   0x080077f0   0x0000003c   Code   RO         5678    i.prvCheckTasksWaitingTermination  tasks.o
    0x0800782c   0x0800782c   0x00000028   Code   RO         5327    i.prvCopyDataFromQueue  queue.o
    0x08007854   0x08007854   0x0000006e   Code   RO         5328    i.prvCopyDataToQueue  queue.o
    0x080078c2   0x080078c2   0x00000040   Code   RO         5679    i.prvDeleteTCB      tasks.o
    0x08007902   0x08007902   0x00000014   Code   RO         5329    i.prvGetDisinheritPriorityAfterTimeout  queue.o
    0x08007916   0x08007916   0x00000002   PAD
    0x08007918   0x08007918   0x0000004c   Code   RO         6357    i.prvHeapInit       heap_4.o
    0x08007964   0x08007964   0x00000028   Code   RO         5680    i.prvIdleTask       tasks.o
    0x0800798c   0x0800798c   0x00000018   Code   RO         5331    i.prvInitialiseNewQueue  queue.o
    0x080079a4   0x080079a4   0x0000008e   Code   RO         5681    i.prvInitialiseNewTask  tasks.o
    0x08007a32   0x08007a32   0x00000002   PAD
    0x08007a34   0x08007a34   0x00000058   Code   RO         5682    i.prvInitialiseTaskLists  tasks.o
    0x08007a8c   0x08007a8c   0x00000054   Code   RO         6358    i.prvInsertBlockIntoFreeList  heap_4.o
    0x08007ae0   0x08007ae0   0x0000001a   Code   RO         5332    i.prvIsQueueEmpty   queue.o
    0x08007afa   0x08007afa   0x0000001e   Code   RO         5333    i.prvIsQueueFull    queue.o
    0x08007b18   0x08007b18   0x00000024   Code   RO         5683    i.prvResetNextTaskUnblockTime  tasks.o
    0x08007b3c   0x08007b3c   0x0000002c   Code   RO         6420    i.prvTaskExitError  port.o
    0x08007b68   0x08007b68   0x0000006a   Code   RO         5334    i.prvUnlockQueue    queue.o
    0x08007bd2   0x08007bd2   0x00000106   Code   RO         4066    i.put_fat           ff.o
    0x08007cd8   0x08007cd8   0x00000074   Code   RO         4067    i.put_lfn           ff.o
    0x08007d4c   0x08007d4c   0x000000d4   Code   RO         6359    i.pvPortMalloc      heap_4.o
    0x08007e20   0x08007e20   0x00000018   Code   RO         5685    i.pvTaskIncrementMutexHeldCount  tasks.o
    0x08007e38   0x08007e38   0x00000024   Code   RO         6421    i.pxPortInitialiseStack  port.o
    0x08007e5c   0x08007e5c   0x000000f8   Code   RO         4071    i.remove_chain      ff.o
    0x08007f54   0x08007f54   0x00000028   Code   RO         4072    i.st_clust          ff.o
    0x08007f7c   0x08007f7c   0x00000010   Code   RO         4073    i.st_dword          ff.o
    0x08007f8c   0x08007f8c   0x00000048   Code   RO         4074    i.st_qword          ff.o
    0x08007fd4   0x08007fd4   0x00000008   Code   RO         4075    i.st_word           ff.o
    0x08007fdc   0x08007fdc   0x00000068   Code   RO         4076    i.store_xdir        ff.o
    0x08008044   0x08008044   0x0000001a   Code   RO         4077    i.sum_sfn           ff.o
    0x0800805e   0x0800805e   0x00000002   PAD
    0x08008060   0x08008060   0x00000088   Code   RO         4078    i.sync_fs           ff.o
    0x080080e8   0x080080e8   0x00000054   Code   RO         4079    i.sync_window       ff.o
    0x0800813c   0x0800813c   0x00000018   Code   RO         4080    i.unlock_fs         ff.o
    0x08008154   0x08008154   0x00000026   Code   RO         5287    i.uxListRemove      list.o
    0x0800817a   0x0800817a   0x00000002   PAD
    0x0800817c   0x0800817c   0x00000014   Code   RO          414    i.vApplicationGetIdleTaskMemory  freertos.o
    0x08008190   0x08008190   0x00000016   Code   RO         5288    i.vListInitialise   list.o
    0x080081a6   0x080081a6   0x00000006   Code   RO         5289    i.vListInitialiseItem  list.o
    0x080081ac   0x080081ac   0x00000030   Code   RO         5290    i.vListInsert       list.o
    0x080081dc   0x080081dc   0x00000018   Code   RO         5291    i.vListInsertEnd    list.o
    0x080081f4   0x080081f4   0x00000040   Code   RO         6423    i.vPortEnterCritical  port.o
    0x08008234   0x08008234   0x0000002c   Code   RO         6424    i.vPortExitCritical  port.o
    0x08008260   0x08008260   0x0000005c   Code   RO         6360    i.vPortFree         heap_4.o
    0x080082bc   0x080082bc   0x00000024   Code   RO         6425    i.vPortSetupTimerInterrupt  port.o
    0x080082e0   0x080082e0   0x00000054   Code   RO         6426    i.vPortValidateInterruptPriority  port.o
    0x08008334   0x08008334   0x00000032   Code   RO         5339    i.vQueueDelete      queue.o
    0x08008366   0x08008366   0x00000002   PAD
    0x08008368   0x08008368   0x00000028   Code   RO         5340    i.vQueueUnregisterQueue  queue.o
    0x08008390   0x08008390   0x00000050   Code   RO         5691    i.vTaskDelay        tasks.o
    0x080083e0   0x080083e0   0x00000010   Code   RO         5694    i.vTaskInternalSetTimeOutState  tasks.o
    0x080083f0   0x080083f0   0x0000000c   Code   RO         5695    i.vTaskMissedYield  tasks.o
    0x080083fc   0x080083fc   0x00000034   Code   RO         5697    i.vTaskPlaceOnEventList  tasks.o
    0x08008430   0x08008430   0x000000ac   Code   RO         5699    i.vTaskPriorityDisinheritAfterTimeout  tasks.o
    0x080084dc   0x080084dc   0x00000088   Code   RO         5704    i.vTaskStartScheduler  tasks.o
    0x08008564   0x08008564   0x00000010   Code   RO         5706    i.vTaskSuspendAll   tasks.o
    0x08008574   0x08008574   0x00000060   Code   RO         5707    i.vTaskSwitchContext  tasks.o
    0x080085d4   0x080085d4   0x0000004c   Code   RO         4081    i.validate          ff.o
    0x08008620   0x08008620   0x000000f4   Code   RO         6427    i.xPortStartScheduler  port.o
    0x08008714   0x08008714   0x0000003c   Code   RO         5341    i.xQueueCreateCountingSemaphore  queue.o
    0x08008750   0x08008750   0x00000042   Code   RO         5342    i.xQueueCreateCountingSemaphoreStatic  queue.o
    0x08008792   0x08008792   0x0000004a   Code   RO         5345    i.xQueueGenericCreate  queue.o
    0x080087dc   0x080087dc   0x0000006c   Code   RO         5346    i.xQueueGenericCreateStatic  queue.o
    0x08008848   0x08008848   0x0000008c   Code   RO         5347    i.xQueueGenericReset  queue.o
    0x080088d4   0x080088d4   0x00000164   Code   RO         5348    i.xQueueGenericSend  queue.o
    0x08008a38   0x08008a38   0x000000be   Code   RO         5349    i.xQueueGenericSendFromISR  queue.o
    0x08008af6   0x08008af6   0x0000009e   Code   RO         5350    i.xQueueGiveFromISR  queue.o
    0x08008b94   0x08008b94   0x0000013c   Code   RO         5356    i.xQueueReceive     queue.o
    0x08008cd0   0x08008cd0   0x0000009c   Code   RO         5357    i.xQueueReceiveFromISR  queue.o
    0x08008d6c   0x08008d6c   0x0000017c   Code   RO         5358    i.xQueueSemaphoreTake  queue.o
    0x08008ee8   0x08008ee8   0x0000007c   Code   RO         5708    i.xTaskCheckForTimeOut  tasks.o
    0x08008f64   0x08008f64   0x00000064   Code   RO         5709    i.xTaskCreate       tasks.o
    0x08008fc8   0x08008fc8   0x0000005c   Code   RO         5710    i.xTaskCreateStatic  tasks.o
    0x08009024   0x08009024   0x0000001c   Code   RO         5714    i.xTaskGetSchedulerState  tasks.o
    0x08009040   0x08009040   0x000000cc   Code   RO         5717    i.xTaskIncrementTick  tasks.o
    0x0800910c   0x0800910c   0x00000098   Code   RO         5720    i.xTaskPriorityDisinherit  tasks.o
    0x080091a4   0x080091a4   0x00000098   Code   RO         5721    i.xTaskPriorityInherit  tasks.o
    0x0800923c   0x0800923c   0x0000007c   Code   RO         5722    i.xTaskRemoveFromEventList  tasks.o
    0x080092b8   0x080092b8   0x000000cc   Code   RO         5723    i.xTaskResumeAll    tasks.o
    0x08009384   0x08009384   0x00000038   Code   RO         4082    i.xdir_sum          ff.o
    0x080093bc   0x080093bc   0x00000044   Code   RO         4083    i.xname_sum         ff.o
    0x08009400   0x08009400   0x00000014   Data   RO          311    .constdata          usbh_diskio.o
    0x08009414   0x08009414   0x0000001c   Data   RO          416    .constdata          freertos.o
    0x08009430   0x08009430   0x00000010   Data   RO         3911    .constdata          system_stm32f4xx.o
    0x08009440   0x08009440   0x00000008   Data   RO         3912    .constdata          system_stm32f4xx.o
    0x08009448   0x08009448   0x0000002a   Data   RO         4086    .constdata          ff.o
    0x08009472   0x08009472   0x0002abb6   Data   RO         4568    .constdata          cc936.o
    0x08034028   0x08034028   0x0000002c   Data   RO         4621    .constdata          usbh_core.o
    0x08034054   0x08034054   0x0000000c   Data   RO          417    .conststring        freertos.o
    0x08034060   0x08034060   0x0000000c   Data   RO         4622    .conststring        usbh_core.o
    0x0803406c   0x0803406c   0x00000004   Data   RO         4997    .conststring        usbh_msc.o
    0x08034070   0x08034070   0x00000020   Data   RO         6836    Region$$Table       anon$$obj.o


    Execution Region RW_IRAM1 (Exec base: 0x20000000, Load base: 0x08034090, Size: 0x0000ac20, Max: 0x00030000, ABSOLUTE)

    Exec Addr    Load Addr    Size         Type   Attr      Idx    E Section Name        Object

    0x20000000   0x08034090   0x00000005   Data   RW          378    .data               fatfs.o
    0x20000005   0x08034095   0x00000003   PAD
    0x20000008   0x08034098   0x00000004   Data   RW          418    .data               freertos.o
    0x2000000c   0x0803409c   0x00000004   Data   RW          472    .data               usart.o
    0x20000010   0x080340a0   0x00000001   Data   RW          533    .data               usb_host.o
    0x20000011   0x080340a1   0x00000003   PAD
    0x20000014   0x080340a4   0x00000004   Data   RW         1117    .data               stm32f4xx_ll_usb.o
    0x20000018   0x080340a8   0x0000000c   Data   RW         2398    .data               stm32f4xx_hal.o
    0x20000024   0x080340b4   0x00000004   Data   RW         3913    .data               system_stm32f4xx.o
    0x20000028   0x080340b8   0x00000008   Data   RW         4087    .data               ff.o
    0x20000030   0x080340c0   0x00000020   Data   RW         4998    .data               usbh_msc.o
    0x20000050   0x080340e0   0x0000003c   Data   RW         5726    .data               tasks.o
    0x2000008c   0x0803411c   0x00000018   Data   RW         6365    .data               heap_4.o
    0x200000a4   0x08034134   0x0000000c   Data   RW         6428    .data               port.o
    0x200000b0   0x08034140   0x00000004   Data   RW         6817    .data               mc_w.l(mvars.o)
    0x200000b4   0x08034144   0x00000004   Data   RW         6818    .data               mc_w.l(mvars.o)
    0x200000b8        -       0x00000498   Zero   RW           18    .bss                main.o
    0x20000550        -       0x00000254   Zero   RW          415    .bss                freertos.o
    0x200007a4        -       0x00000040   Zero   RW          471    .bss                usart.o
    0x200007e4        -       0x000003d8   Zero   RW          532    .bss                usb_host.o
    0x20000bbc        -       0x000002c4   Zero   RW          594    .bss                usbh_conf.o
    0x20000e80        -       0x00000040   Zero   RW          857    .bss                stm32f4xx_hal_timebase_tim.o
    0x20000ec0        -       0x00000020   Zero   RW         4085    .bss                ff.o
    0x20000ee0        -       0x0000000c   Zero   RW         4472    .bss                ff_gen_drv.o
    0x20000eec        -       0x00000040   Zero   RW         5360    .bss                queue.o
    0x20000f2c        -       0x000000f0   Zero   RW         5725    .bss                tasks.o
    0x2000101c        -       0x00003c00   Zero   RW         6364    .bss                heap_4.o
    0x20004c1c   0x08034148   0x00000004   PAD
    0x20004c20        -       0x00002000   Zero   RW            2    HEAP                startup_stm32f427xx.o
    0x20006c20        -       0x00004000   Zero   RW            1    STACK               startup_stm32f427xx.o


==============================================================================

Image component sizes


      Code (inc. data)   RO Data    RW Data    ZI Data      Debug   Object Name

       228         28     175030          0          0       2603   cc936.o
       722         18          0          0          0      33870   cmsis_os.o
       152         26          0          0          0       3693   diskio.o
         0          0          0          0          0      18044   event_groups.o
        32         10          0          5          0       1464   fatfs.o
      9444        114         42          8         32      61697   ff.o
       128         10          0          0         12       2963   ff_gen_drv.o
        80         14         40          4        596       6906   freertos.o
       140         10          0          0          0        947   gpio.o
       464         22          0         24      15360       7419   heap_4.o
       138          0          0          0          0       3538   list.o
       400        100          0          0       1176     792637   main.o
       786         84          0         12          0      11893   port.o
      2450         24          0          0         64      23313   queue.o
        36          8        428          0      24576        832   startup_stm32f427xx.o
       116         18          0         12          0       8826   stm32f4xx_hal.o
       158         14          0          0          0      33214   stm32f4xx_hal_cortex.o
       478         54          0          0          0       2480   stm32f4xx_hal_gpio.o
      2390          4          0          0          0      13857   stm32f4xx_hal_hcd.o
        56          4          0          0          0        822   stm32f4xx_hal_msp.o
      1552         90          0          0          0       6925   stm32f4xx_hal_rcc.o
       670         44          0          0          0       6422   stm32f4xx_hal_tim.o
         4          0          0          0          0       1553   stm32f4xx_hal_tim_ex.o
       116         14          0          0         64       1415   stm32f4xx_hal_timebase_tim.o
       580         10          0          0          0       1936   stm32f4xx_hal_uart.o
        36         12          0          0          0       3611   stm32f4xx_it.o
      1800         50          0          4          0      17923   stm32f4xx_ll_usb.o
         0          0          0          0          0        392   stream_buffer.o
        62          0          0          0          0       3364   syscall.o
        28          6         24          4          0       1119   system_stm32f4xx.o
      2462        182          0         60        240      26097   tasks.o
       184         28          0          4         64       3488   usart.o
       104         16          0          1        984       9412   usb_host.o
       572         16          0          0        708      35641   usbh_conf.o
      2718        744         56          0          0      13770   usbh_core.o
      1538         42          0          0          0      12666   usbh_ctlreq.o
       440        122         20          0          0      20184   usbh_diskio.o
       182          0          0          0          0       4384   usbh_ioreq.o
      2894        444          4         32          0      11153   usbh_msc.o
       912         28          0          0          0       7104   usbh_msc_bot.o
       794          0          0          0          0       6263   usbh_msc_scsi.o
       122          0          0          0          0       3898   usbh_pipes.o

    ----------------------------------------------------------------------
     36216       2410     175676        176      43880    1229738   Object Totals
         0          0         32          0          0          0   (incl. Generated)
        48          0          0          6          4          0   (incl. Padding)

    ----------------------------------------------------------------------

      Code (inc. data)   RO Data    RW Data    ZI Data      Debug   Library Member Name

         0          0          0          0          0          0   entry.o
         0          0          0          0          0          0   entry10a.o
         0          0          0          0          0          0   entry11a.o
         8          4          0          0          0          0   entry2.o
         4          0          0          0          0          0   entry5.o
         0          0          0          0          0          0   entry7b.o
         0          0          0          0          0          0   entry8b.o
         8          4          0          0          0          0   entry9a.o
        30          0          0          0          0          0   handlers.o
        36          8          0          0          0         68   init.o
        30          0          0          0          0         68   llshl.o
        32          0          0          0          0         68   llushr.o
       188         20          0          0          0        160   malloc.o
        36          0          0          0          0         68   memcpya.o
        36          0          0          0          0        108   memseta.o
         0          0          0          8          0          0   mvars.o
       736         56          0          0          0        184   printf5.o
        98          0          0          0          0         92   uldiv.o

    ----------------------------------------------------------------------
      1244         92          0          8          0        816   Library Totals
         2          0          0          0          0          0   (incl. Padding)

    ----------------------------------------------------------------------

      Code (inc. data)   RO Data    RW Data    ZI Data      Debug   Library Name

      1242         92          0          8          0        816   mc_w.l

    ----------------------------------------------------------------------
      1244         92          0          8          0        816   Library Totals

    ----------------------------------------------------------------------

==============================================================================


      Code (inc. data)   RO Data    RW Data    ZI Data      Debug   

     37460       2502     175676        184      43880    1197094   Grand Totals
     37460       2502     175676        184      43880    1197094   ELF Image Totals
     37460       2502     175676        184          0          0   ROM Totals

==============================================================================

    Total RO  Size (Code + RO Data)               213136 ( 208.14kB)
    Total RW  Size (RW Data + ZI Data)             44064 (  43.03kB)
    Total ROM Size (Code + RO Data + RW Data)     213320 ( 208.32kB)

==============================================================================

